Archive member included to satisfy reference by file (symbol)

c:/progra~2/gnuarm~1/102020~1/bin/../lib/gcc/arm-none-eabi/10.2.1/thumb/v6-m/nofp\libgcc.a(_dvmd_tls.o)
                              CMakeFiles/LEDPWMSTRIP.dir/C_/VSARM/sdk/pico/pico-sdk/src/rp2_common/pico_divider/divider.S.obj (__aeabi_idiv0)
c:/progra~2/gnuarm~1/102020~1/bin/../lib/gcc/arm-none-eabi/10.2.1/../../../../arm-none-eabi/lib/thumb/v6-m/nofp\libg.a(lib_a-calloc.o)
                              CMakeFiles/LEDPWMSTRIP.dir/C_/VSARM/sdk/pico/pico-sdk/src/rp2_common/pico_malloc/pico_malloc.c.obj (calloc)
c:/progra~2/gnuarm~1/102020~1/bin/../lib/gcc/arm-none-eabi/10.2.1/../../../../arm-none-eabi/lib/thumb/v6-m/nofp\libg.a(lib_a-callocr.o)
                              c:/progra~2/gnuarm~1/102020~1/bin/../lib/gcc/arm-none-eabi/10.2.1/../../../../arm-none-eabi/lib/thumb/v6-m/nofp\libg.a(lib_a-calloc.o) (_calloc_r)
c:/progra~2/gnuarm~1/102020~1/bin/../lib/gcc/arm-none-eabi/10.2.1/../../../../arm-none-eabi/lib/thumb/v6-m/nofp\libg.a(lib_a-ctype_.o)
                              CMakeFiles/LEDPWMSTRIP.dir/C_/VSARM/sdk/pico/pico-sdk/lib/tinyusb/src/tusb.c.obj (_ctype_)
c:/progra~2/gnuarm~1/102020~1/bin/../lib/gcc/arm-none-eabi/10.2.1/../../../../arm-none-eabi/lib/thumb/v6-m/nofp\libg.a(lib_a-impure.o)
                              c:/progra~2/gnuarm~1/102020~1/bin/../lib/gcc/arm-none-eabi/10.2.1/../../../../arm-none-eabi/lib/thumb/v6-m/nofp\libg.a(lib_a-calloc.o) (_impure_ptr)
c:/progra~2/gnuarm~1/102020~1/bin/../lib/gcc/arm-none-eabi/10.2.1/../../../../arm-none-eabi/lib/thumb/v6-m/nofp\libg.a(lib_a-init.o)
                              c:/progra~2/gnuarm~1/102020~1/bin/../lib/gcc/arm-none-eabi/10.2.1/../../../../arm-none-eabi/lib/thumb/v6-m/nofp/crt0.o (__libc_init_array)
c:/progra~2/gnuarm~1/102020~1/bin/../lib/gcc/arm-none-eabi/10.2.1/../../../../arm-none-eabi/lib/thumb/v6-m/nofp\libg.a(lib_a-malloc.o)
                              CMakeFiles/LEDPWMSTRIP.dir/C_/VSARM/sdk/pico/pico-sdk/src/rp2_common/pico_malloc/pico_malloc.c.obj (malloc)
c:/progra~2/gnuarm~1/102020~1/bin/../lib/gcc/arm-none-eabi/10.2.1/../../../../arm-none-eabi/lib/thumb/v6-m/nofp\libg.a(lib_a-mallocr.o)
                              c:/progra~2/gnuarm~1/102020~1/bin/../lib/gcc/arm-none-eabi/10.2.1/../../../../arm-none-eabi/lib/thumb/v6-m/nofp\libg.a(lib_a-callocr.o) (_malloc_r)
c:/progra~2/gnuarm~1/102020~1/bin/../lib/gcc/arm-none-eabi/10.2.1/../../../../arm-none-eabi/lib/thumb/v6-m/nofp\libg.a(lib_a-mlock.o)
                              c:/progra~2/gnuarm~1/102020~1/bin/../lib/gcc/arm-none-eabi/10.2.1/../../../../arm-none-eabi/lib/thumb/v6-m/nofp\libg.a(lib_a-mallocr.o) (__malloc_lock)
c:/progra~2/gnuarm~1/102020~1/bin/../lib/gcc/arm-none-eabi/10.2.1/../../../../arm-none-eabi/lib/thumb/v6-m/nofp\libg.a(lib_a-sbrkr.o)
                              c:/progra~2/gnuarm~1/102020~1/bin/../lib/gcc/arm-none-eabi/10.2.1/../../../../arm-none-eabi/lib/thumb/v6-m/nofp\libg.a(lib_a-mallocr.o) (_sbrk_r)
c:/progra~2/gnuarm~1/102020~1/bin/../lib/gcc/arm-none-eabi/10.2.1/../../../../arm-none-eabi/lib/thumb/v6-m/nofp\libg.a(lib_a-strlen-stub.o)
                              CMakeFiles/LEDPWMSTRIP.dir/usb_descriptors.c.obj (strlen)
c:/progra~2/gnuarm~1/102020~1/bin/../lib/gcc/arm-none-eabi/10.2.1/../../../../arm-none-eabi/lib/thumb/v6-m/nofp\libg.a(lib_a-freer.o)
                              c:/progra~2/gnuarm~1/102020~1/bin/../lib/gcc/arm-none-eabi/10.2.1/../../../../arm-none-eabi/lib/thumb/v6-m/nofp\libg.a(lib_a-malloc.o) (_free_r)
c:/progra~2/gnuarm~1/102020~1/bin/../lib/gcc/arm-none-eabi/10.2.1/../../../../arm-none-eabi/lib/thumb/v6-m/nofp\libg.a(lib_a-lock.o)
                              c:/progra~2/gnuarm~1/102020~1/bin/../lib/gcc/arm-none-eabi/10.2.1/../../../../arm-none-eabi/lib/thumb/v6-m/nofp\libg.a(lib_a-mlock.o) (__retarget_lock_acquire_recursive)
c:/progra~2/gnuarm~1/102020~1/bin/../lib/gcc/arm-none-eabi/10.2.1/../../../../arm-none-eabi/lib/thumb/v6-m/nofp\libg.a(lib_a-reent.o)
                              c:/progra~2/gnuarm~1/102020~1/bin/../lib/gcc/arm-none-eabi/10.2.1/../../../../arm-none-eabi/lib/thumb/v6-m/nofp\libg.a(lib_a-sbrkr.o) (errno)

Discarded input sections

 .text          0x00000000        0x0 c:/progra~2/gnuarm~1/102020~1/bin/../lib/gcc/arm-none-eabi/10.2.1/thumb/v6-m/nofp/crti.o
 .data          0x00000000        0x0 c:/progra~2/gnuarm~1/102020~1/bin/../lib/gcc/arm-none-eabi/10.2.1/thumb/v6-m/nofp/crti.o
 .bss           0x00000000        0x0 c:/progra~2/gnuarm~1/102020~1/bin/../lib/gcc/arm-none-eabi/10.2.1/thumb/v6-m/nofp/crti.o
 .data          0x00000000        0x4 c:/progra~2/gnuarm~1/102020~1/bin/../lib/gcc/arm-none-eabi/10.2.1/thumb/v6-m/nofp/crtbegin.o
 .rodata        0x00000000       0x24 c:/progra~2/gnuarm~1/102020~1/bin/../lib/gcc/arm-none-eabi/10.2.1/thumb/v6-m/nofp/crtbegin.o
 .fini_array    0x00000000        0x4 c:/progra~2/gnuarm~1/102020~1/bin/../lib/gcc/arm-none-eabi/10.2.1/thumb/v6-m/nofp/crtbegin.o
[...]
Memory Configuration

Name             Origin             Length             Attributes
FLASH            0x10000000         0x00200000         xr
RAM              0x20000000         0x00040000         xrw
SCRATCH_X        0x20040000         0x00001000         xrw
SCRATCH_Y        0x20041000         0x00001000         xrw
*default*        0x00000000         0xffffffff

Linker script and memory map

LOAD c:/progra~2/gnuarm~1/102020~1/bin/../lib/gcc/arm-none-eabi/10.2.1/thumb/v6-m/nofp/crti.o
LOAD c:/progra~2/gnuarm~1/102020~1/bin/../lib/gcc/arm-none-eabi/10.2.1/thumb/v6-m/nofp/crtbegin.o
LOAD c:/progra~2/gnuarm~1/102020~1/bin/../lib/gcc/arm-none-eabi/10.2.1/../../../../arm-none-eabi/lib/thumb/v6-m/nofp/crt0.o

.flash_begin    0x10000000        0x0
                0x10000000                __flash_binary_start = .

.boot2          0x10000000      0x100
                0x10000000                __boot2_start__ = .
 *(.boot2)
 .boot2         0x10000000      0x100 C:\Users\fabia\AppData\Local\Temp\ccSIc27m.o
                0x10000100                __boot2_end__ = .
                0x00000001                ASSERT (((__boot2_end__ - __boot2_start__) == 0x100), ERROR: Pico second stage bootloader must be 256 bytes in size)

.text           0x10000100     0x67d8
                0x10000100                __logical_binary_start = .
 *(.vectors)
 .vectors       0x10000100       0xd4 CMakeFiles/LEDPWMSTRIP.dir/C_/VSARM/sdk/pico/pico-sdk/src/rp2_common/pico_standard_link/crt0.S.obj
                0x10000100                __VECTOR_TABLE
                0x10000100                __vectors
                0x100001c0                isr_invalid
                0x100001c0                __default_isrs_start
                0x100001c2                isr_nmi
                0x100001c4                isr_hardfault
                0x100001c6                isr_svcall
                0x100001c8                isr_pendsv
                0x100001ca                isr_systick
                0x100001cc                isr_irq23
                0x100001cc                isr_irq18
                0x100001cc                isr_irq11
                0x100001cc                isr_irq28
                0x100001cc                isr_irq19
                0x100001cc                isr_irq0
                0x100001cc                isr_irq6
                0x100001cc                isr_irq5
                0x100001cc                isr_irq12
                0x100001cc                isr_irq22
                0x100001cc                isr_irq31
                0x100001cc                isr_irq17
                0x100001cc                isr_irq27
                0x100001cc                isr_irq30
                0x100001cc                isr_irq2
                0x100001cc                isr_irq10
                0x100001cc                isr_irq8
                0x100001cc                isr_irq24
                0x100001cc                isr_irq1
                0x100001cc                isr_irq7
                0x100001cc                isr_irq21
                0x100001cc                isr_irq20
                0x100001cc                isr_irq15
                0x100001cc                isr_irq25
                0x100001cc                isr_irq13
                0x100001cc                __unhandled_user_irq
                0x100001cc                isr_irq4
                0x100001cc                isr_irq16
                0x100001cc                isr_irq29
                0x100001cc                isr_irq26
                0x100001cc                __default_isrs_end
                0x100001cc                isr_irq3
                0x100001cc                isr_irq14
                0x100001cc                isr_irq9
                0x100001d2                unhandled_user_irq_num_in_r0
 *(.binary_info_header)
 .binary_info_header
                0x100001d4       0x14 CMakeFiles/LEDPWMSTRIP.dir/C_/VSARM/sdk/pico/pico-sdk/src/rp2_common/pico_standard_link/crt0.S.obj
                0x100001e8                __binary_info_header_end = .
 *(.reset)
 .reset         0x100001e8       0xa8 CMakeFiles/LEDPWMSTRIP.dir/C_/VSARM/sdk/pico/pico-sdk/src/rp2_common/pico_standard_link/crt0.S.obj
                0x100001e8                _entry_point
                0x10000266                __get_current_exception
 .reset         0x10000290       0x30 CMakeFiles/LEDPWMSTRIP.dir/C_/VSARM/sdk/pico/pico-sdk/src/rp2_common/pico_standard_link/binary_info.c.obj
 *(.init)
 .init          0x100002c0        0x4 c:/progra~2/gnuarm~1/102020~1/bin/../lib/gcc/arm-none-eabi/10.2.1/thumb/v6-m/nofp/crti.o
                0x100002c0                _init
 *(EXCLUDE_FILE(*libm.a: *libc.a:*lib_a-mem*.o *libgcc.a:) .text*)
 .text          0x100002c4       0x48 c:/progra~2/gnuarm~1/102020~1/bin/../lib/gcc/arm-none-eabi/10.2.1/thumb/v6-m/nofp/crtbegin.o
 .text.pwm_program_init
                0x1000030c       0xc4 CMakeFiles/LEDPWMSTRIP.dir/main.c.obj
 .text.tud_mount_cb
                0x100003d0        0xc CMakeFiles/LEDPWMSTRIP.dir/main.c.obj
                0x100003d0                tud_mount_cb
 .text.tud_umount_cb
                0x100003dc        0xc CMakeFiles/LEDPWMSTRIP.dir/main.c.obj
                0x100003dc                tud_umount_cb
 .text.tud_suspend_cb
                0x100003e8        0xc CMakeFiles/LEDPWMSTRIP.dir/main.c.obj
                0x100003e8                tud_suspend_cb
 .text.tud_resume_cb
                0x100003f4        0xc CMakeFiles/LEDPWMSTRIP.dir/main.c.obj
                0x100003f4                tud_resume_cb
 .text.tud_hid_get_report_cb
                0x10000400        0x4 CMakeFiles/LEDPWMSTRIP.dir/main.c.obj
                0x10000400                tud_hid_get_report_cb
 .text.tud_hid_set_report_cb
                0x10000404       0x50 CMakeFiles/LEDPWMSTRIP.dir/main.c.obj
                0x10000404                tud_hid_set_report_cb
 .text.pio_pwm_set_period
                0x10000454       0x48 CMakeFiles/LEDPWMSTRIP.dir/main.c.obj
                0x10000454                pio_pwm_set_period
 .text.pio_pwm_set_level
                0x1000049c       0x18 CMakeFiles/LEDPWMSTRIP.dir/main.c.obj
                0x1000049c                pio_pwm_set_level
 .text.main     0x100004b4       0xe8 CMakeFiles/LEDPWMSTRIP.dir/main.c.obj
                0x100004b4                main
 .text.tud_descriptor_device_cb
                0x1000059c        0x8 CMakeFiles/LEDPWMSTRIP.dir/usb_descriptors.c.obj
                0x1000059c                tud_descriptor_device_cb
 .text.tud_hid_descriptor_report_cb
                0x100005a4        0x8 CMakeFiles/LEDPWMSTRIP.dir/usb_descriptors.c.obj
                0x100005a4                tud_hid_descriptor_report_cb
 .text.tud_descriptor_configuration_cb
                0x100005ac        0x8 CMakeFiles/LEDPWMSTRIP.dir/usb_descriptors.c.obj
                0x100005ac                tud_descriptor_configuration_cb
 .text.tud_descriptor_string_cb
                0x100005b4       0x60 CMakeFiles/LEDPWMSTRIP.dir/usb_descriptors.c.obj
                0x100005b4                tud_descriptor_string_cb
 .text.gpio_set_function
                0x10000614       0x30 CMakeFiles/LEDPWMSTRIP.dir/C_/VSARM/sdk/pico/pico-sdk/src/rp2_common/hardware_gpio/gpio.c.obj
                0x10000614                gpio_set_function
 .text.gpio_init
                0x10000644       0x16 CMakeFiles/LEDPWMSTRIP.dir/C_/VSARM/sdk/pico/pico-sdk/src/rp2_common/hardware_gpio/gpio.c.obj
                0x10000644                gpio_init
 *fill*         0x1000065a        0x2 
 .text.hw_claim_lock
                0x1000065c       0x18 CMakeFiles/LEDPWMSTRIP.dir/C_/VSARM/sdk/pico/pico-sdk/src/rp2_common/hardware_claim/claim.c.obj
                0x1000065c                hw_claim_lock
 .text.hw_claim_unlock
                0x10000674       0x14 CMakeFiles/LEDPWMSTRIP.dir/C_/VSARM/sdk/pico/pico-sdk/src/rp2_common/hardware_claim/claim.c.obj
                0x10000674                hw_claim_unlock
 .text.hw_claim_or_assert
                0x10000688       0x32 CMakeFiles/LEDPWMSTRIP.dir/C_/VSARM/sdk/pico/pico-sdk/src/rp2_common/hardware_claim/claim.c.obj
                0x10000688                hw_claim_or_assert
 .text.hw_claim_unused_from_range
                0x100006ba       0x50 CMakeFiles/LEDPWMSTRIP.dir/C_/VSARM/sdk/pico/pico-sdk/src/rp2_common/hardware_claim/claim.c.obj
                0x100006ba                hw_claim_unused_from_range
 *fill*         0x1000070a        0x2 
 .text.running_on_fpga
                0x1000070c       0x14 CMakeFiles/LEDPWMSTRIP.dir/C_/VSARM/sdk/pico/pico-sdk/src/rp2_common/pico_platform/platform.c.obj
                0x1000070c                running_on_fpga
 .text.spin_locks_reset
                0x10000720       0x20 CMakeFiles/LEDPWMSTRIP.dir/C_/VSARM/sdk/pico/pico-sdk/src/rp2_common/hardware_sync/sync.c.obj
                0x10000720                spin_locks_reset
 .text.next_striped_spin_lock_num
                0x10000740       0x1c CMakeFiles/LEDPWMSTRIP.dir/C_/VSARM/sdk/pico/pico-sdk/src/rp2_common/hardware_sync/sync.c.obj
                0x10000740                next_striped_spin_lock_num
 .text.spin_lock_claim_unused
                0x1000075c       0x20 CMakeFiles/LEDPWMSTRIP.dir/C_/VSARM/sdk/pico/pico-sdk/src/rp2_common/hardware_sync/sync.c.obj
                0x1000075c                spin_lock_claim_unused
 .text.alarm_pool_post_alloc_init
                0x1000077c       0x40 CMakeFiles/LEDPWMSTRIP.dir/C_/VSARM/sdk/pico/pico-sdk/src/common/pico_time/time.c.obj
 .text.sleep_until_callback
                0x100007bc       0x30 CMakeFiles/LEDPWMSTRIP.dir/C_/VSARM/sdk/pico/pico-sdk/src/common/pico_time/time.c.obj
 .text.timer_pool_entry_comparator
                0x100007ec       0x7c CMakeFiles/LEDPWMSTRIP.dir/C_/VSARM/sdk/pico/pico-sdk/src/common/pico_time/time.c.obj
                0x100007ec                timer_pool_entry_comparator
 .text.ph_add_child_node
                0x10000868       0xa4 CMakeFiles/LEDPWMSTRIP.dir/C_/VSARM/sdk/pico/pico-sdk/src/common/pico_time/time.c.obj
 .text.ph_merge_nodes
                0x1000090c       0x3e CMakeFiles/LEDPWMSTRIP.dir/C_/VSARM/sdk/pico/pico-sdk/src/common/pico_time/time.c.obj
 *fill*         0x1000094a        0x2 
 .text.add_alarm_under_lock
                0x1000094c      0x174 CMakeFiles/LEDPWMSTRIP.dir/C_/VSARM/sdk/pico/pico-sdk/src/common/pico_time/time.c.obj
 .text.alarm_pool_alarm_callback
                0x10000ac0      0x328 CMakeFiles/LEDPWMSTRIP.dir/C_/VSARM/sdk/pico/pico-sdk/src/common/pico_time/time.c.obj
 .text.alarm_pool_init_default
                0x10000de8       0x38 CMakeFiles/LEDPWMSTRIP.dir/C_/VSARM/sdk/pico/pico-sdk/src/common/pico_time/time.c.obj
                0x10000de8                alarm_pool_init_default
 .text.alarm_pool_get_default
                0x10000e20       0x2c CMakeFiles/LEDPWMSTRIP.dir/C_/VSARM/sdk/pico/pico-sdk/src/common/pico_time/time.c.obj
                0x10000e20                alarm_pool_get_default
 .text.alarm_pool_add_alarm_at
                0x10000e4c      0x170 CMakeFiles/LEDPWMSTRIP.dir/C_/VSARM/sdk/pico/pico-sdk/src/common/pico_time/time.c.obj
                0x10000e4c                alarm_pool_add_alarm_at
 .text.alarm_pool_cancel_alarm
                0x10000fbc       0xec CMakeFiles/LEDPWMSTRIP.dir/C_/VSARM/sdk/pico/pico-sdk/src/common/pico_time/time.c.obj
                0x10000fbc                alarm_pool_cancel_alarm
 .text.sleep_until
                0x100010a8       0xfc CMakeFiles/LEDPWMSTRIP.dir/C_/VSARM/sdk/pico/pico-sdk/src/common/pico_time/time.c.obj
                0x100010a8                sleep_until
 .text.sleep_us
                0x100011a4       0x58 CMakeFiles/LEDPWMSTRIP.dir/C_/VSARM/sdk/pico/pico-sdk/src/common/pico_time/time.c.obj
                0x100011a4                sleep_us
 .text.sleep_ms
                0x100011fc       0x14 CMakeFiles/LEDPWMSTRIP.dir/C_/VSARM/sdk/pico/pico-sdk/src/common/pico_time/time.c.obj
                0x100011fc                sleep_ms
 .text.best_effort_wfe_or_timeout
                0x10001210       0x80 CMakeFiles/LEDPWMSTRIP.dir/C_/VSARM/sdk/pico/pico-sdk/src/common/pico_time/time.c.obj
                0x10001210                best_effort_wfe_or_timeout
 .text.hardware_alarm_irq_handler
                0x10001290       0x8c CMakeFiles/LEDPWMSTRIP.dir/C_/VSARM/sdk/pico/pico-sdk/src/rp2_common/hardware_timer/timer.c.obj
 .text.hardware_alarm_claim
                0x1000131c       0x18 CMakeFiles/LEDPWMSTRIP.dir/C_/VSARM/sdk/pico/pico-sdk/src/rp2_common/hardware_timer/timer.c.obj
                0x1000131c                hardware_alarm_claim
 .text.time_us_64
                0x10001334       0x18 CMakeFiles/LEDPWMSTRIP.dir/C_/VSARM/sdk/pico/pico-sdk/src/rp2_common/hardware_timer/timer.c.obj
                0x10001334                time_us_64
 .text.busy_wait_until
                0x1000134c       0x28 CMakeFiles/LEDPWMSTRIP.dir/C_/VSARM/sdk/pico/pico-sdk/src/rp2_common/hardware_timer/timer.c.obj
                0x1000134c                busy_wait_until
 .text.hardware_alarm_set_callback
                0x10001374       0x90 CMakeFiles/LEDPWMSTRIP.dir/C_/VSARM/sdk/pico/pico-sdk/src/rp2_common/hardware_timer/timer.c.obj
                0x10001374                hardware_alarm_set_callback
 .text.hardware_alarm_set_target
                0x10001404       0xe8 CMakeFiles/LEDPWMSTRIP.dir/C_/VSARM/sdk/pico/pico-sdk/src/rp2_common/hardware_timer/timer.c.obj
                0x10001404                hardware_alarm_set_target
 .text.hardware_alarm_cancel
                0x100014ec       0x40 CMakeFiles/LEDPWMSTRIP.dir/C_/VSARM/sdk/pico/pico-sdk/src/rp2_common/hardware_timer/timer.c.obj
                0x100014ec                hardware_alarm_cancel
 .text.lock_init
                0x1000152c       0x10 CMakeFiles/LEDPWMSTRIP.dir/C_/VSARM/sdk/pico/pico-sdk/src/common/pico_sync/lock_core.c.obj
                0x1000152c                lock_init
 .text.mutex_init_internal
                0x1000153c       0x1e CMakeFiles/LEDPWMSTRIP.dir/C_/VSARM/sdk/pico/pico-sdk/src/common/pico_sync/mutex.c.obj
 .text.mutex_init
                0x1000155a        0xa CMakeFiles/LEDPWMSTRIP.dir/C_/VSARM/sdk/pico/pico-sdk/src/common/pico_sync/mutex.c.obj
                0x1000155a                mutex_init
 .text.recursive_mutex_init
                0x10001564        0xa CMakeFiles/LEDPWMSTRIP.dir/C_/VSARM/sdk/pico/pico-sdk/src/common/pico_sync/mutex.c.obj
                0x10001564                recursive_mutex_init
 *fill*         0x1000156e        0x2 
 .text.critical_section_init_with_lock_num
                0x10001570       0x14 CMakeFiles/LEDPWMSTRIP.dir/C_/VSARM/sdk/pico/pico-sdk/src/common/pico_sync/critical_section.c.obj
                0x10001570                critical_section_init_with_lock_num
 .text.critical_section_init
                0x10001584       0x14 CMakeFiles/LEDPWMSTRIP.dir/C_/VSARM/sdk/pico/pico-sdk/src/common/pico_sync/critical_section.c.obj
                0x10001584                critical_section_init
 .text.ph_add_child_node
                0x10001598       0xa4 CMakeFiles/LEDPWMSTRIP.dir/C_/VSARM/sdk/pico/pico-sdk/src/common/pico_util/pheap.c.obj
 .text.ph_merge_nodes
                0x1000163c       0x3e CMakeFiles/LEDPWMSTRIP.dir/C_/VSARM/sdk/pico/pico-sdk/src/common/pico_util/pheap.c.obj
 *fill*         0x1000167a        0x2 
 .text.ph_clear
                0x1000167c       0x70 CMakeFiles/LEDPWMSTRIP.dir/C_/VSARM/sdk/pico/pico-sdk/src/common/pico_util/pheap.c.obj
                0x1000167c                ph_clear
 .text.ph_post_alloc_init
                0x100016ec        0xe CMakeFiles/LEDPWMSTRIP.dir/C_/VSARM/sdk/pico/pico-sdk/src/common/pico_util/pheap.c.obj
                0x100016ec                ph_post_alloc_init
 *fill*         0x100016fa        0x2 
 .text.ph_merge_two_pass
                0x100016fc       0xa8 CMakeFiles/LEDPWMSTRIP.dir/C_/VSARM/sdk/pico/pico-sdk/src/common/pico_util/pheap.c.obj
                0x100016fc                ph_merge_two_pass
 .text.ph_remove_any_head
                0x100017a4      0x108 CMakeFiles/LEDPWMSTRIP.dir/C_/VSARM/sdk/pico/pico-sdk/src/common/pico_util/pheap.c.obj
 .text.ph_remove_head
                0x100018ac       0x14 CMakeFiles/LEDPWMSTRIP.dir/C_/VSARM/sdk/pico/pico-sdk/src/common/pico_util/pheap.c.obj
                0x100018ac                ph_remove_head
 .text.ph_remove_and_free_node
                0x100018c0       0xf8 CMakeFiles/LEDPWMSTRIP.dir/C_/VSARM/sdk/pico/pico-sdk/src/common/pico_util/pheap.c.obj
                0x100018c0                ph_remove_and_free_node
 .text.runtime_init
                0x100019b8       0xd8 CMakeFiles/LEDPWMSTRIP.dir/C_/VSARM/sdk/pico/pico-sdk/src/rp2_common/pico_runtime/runtime.c.obj
                0x100019b8                runtime_init
 .text._exit    0x10001a90        0x4 CMakeFiles/LEDPWMSTRIP.dir/C_/VSARM/sdk/pico/pico-sdk/src/rp2_common/pico_runtime/runtime.c.obj
                0x10001a90                _exit
 .text.exit     0x10001a94        0x6 CMakeFiles/LEDPWMSTRIP.dir/C_/VSARM/sdk/pico/pico-sdk/src/rp2_common/pico_runtime/runtime.c.obj
                0x10001a94                exit
 *fill*         0x10001a9a        0x2 
 .text.__assert_func
                0x10001a9c       0x3c CMakeFiles/LEDPWMSTRIP.dir/C_/VSARM/sdk/pico/pico-sdk/src/rp2_common/pico_runtime/runtime.c.obj
                0x10001a9c                __assert_func
 .text.panic    0x10001ad8       0x30 CMakeFiles/LEDPWMSTRIP.dir/C_/VSARM/sdk/pico/pico-sdk/src/rp2_common/pico_runtime/runtime.c.obj
                0x10001ad8                panic
 .text.clock_configure
                0x10001b08      0x104 CMakeFiles/LEDPWMSTRIP.dir/C_/VSARM/sdk/pico/pico-sdk/src/rp2_common/hardware_clocks/clocks.c.obj
                0x10001b08                clock_configure
 .text.clocks_init
                0x10001c0c      0x100 CMakeFiles/LEDPWMSTRIP.dir/C_/VSARM/sdk/pico/pico-sdk/src/rp2_common/hardware_clocks/clocks.c.obj
                0x10001c0c                clocks_init
 .text.set_raw_irq_handler_and_unlock
                0x10001d0c       0x28 CMakeFiles/LEDPWMSTRIP.dir/C_/VSARM/sdk/pico/pico-sdk/src/rp2_common/hardware_irq/irq.c.obj
 .text.make_branch
                0x10001d34       0x34 CMakeFiles/LEDPWMSTRIP.dir/C_/VSARM/sdk/pico/pico-sdk/src/rp2_common/hardware_irq/irq.c.obj
 .text.insert_branch_and_link
                0x10001d68       0x40 CMakeFiles/LEDPWMSTRIP.dir/C_/VSARM/sdk/pico/pico-sdk/src/rp2_common/hardware_irq/irq.c.obj
 .text.irq_is_enabled
                0x10001da8       0x18 CMakeFiles/LEDPWMSTRIP.dir/C_/VSARM/sdk/pico/pico-sdk/src/rp2_common/hardware_irq/irq.c.obj
                0x10001da8                irq_is_enabled
 .text.irq_set_mask_enabled
                0x10001dc0       0x20 CMakeFiles/LEDPWMSTRIP.dir/C_/VSARM/sdk/pico/pico-sdk/src/rp2_common/hardware_irq/irq.c.obj
                0x10001dc0                irq_set_mask_enabled
 .text.irq_set_enabled
                0x10001de0        0xe CMakeFiles/LEDPWMSTRIP.dir/C_/VSARM/sdk/pico/pico-sdk/src/rp2_common/hardware_irq/irq.c.obj
                0x10001de0                irq_set_enabled
 *fill*         0x10001dee        0x2 
 .text.irq_get_vtable_handler
                0x10001df0       0x10 CMakeFiles/LEDPWMSTRIP.dir/C_/VSARM/sdk/pico/pico-sdk/src/rp2_common/hardware_irq/irq.c.obj
                0x10001df0                irq_get_vtable_handler
 .text.irq_set_exclusive_handler
                0x10001e00       0x54 CMakeFiles/LEDPWMSTRIP.dir/C_/VSARM/sdk/pico/pico-sdk/src/rp2_common/hardware_irq/irq.c.obj
                0x10001e00                irq_set_exclusive_handler
 .text.irq_remove_handler
                0x10001e54      0x1ac CMakeFiles/LEDPWMSTRIP.dir/C_/VSARM/sdk/pico/pico-sdk/src/rp2_common/hardware_irq/irq.c.obj
                0x10001e54                irq_remove_handler
 .text.irq_set_priority
                0x10002000       0x28 CMakeFiles/LEDPWMSTRIP.dir/C_/VSARM/sdk/pico/pico-sdk/src/rp2_common/hardware_irq/irq.c.obj
                0x10002000                irq_set_priority
 .text.irq_add_tail_to_free_list
                0x10002028       0xf0 CMakeFiles/LEDPWMSTRIP.dir/C_/VSARM/sdk/pico/pico-sdk/src/rp2_common/hardware_irq/irq.c.obj
                0x10002028                irq_add_tail_to_free_list
 .text.irq_init_priorities
                0x10002118       0x16 CMakeFiles/LEDPWMSTRIP.dir/C_/VSARM/sdk/pico/pico-sdk/src/rp2_common/hardware_irq/irq.c.obj
                0x10002118                irq_init_priorities
 *fill*         0x1000212e        0x2 
 .text.pll_init
                0x10002130      0x118 CMakeFiles/LEDPWMSTRIP.dir/C_/VSARM/sdk/pico/pico-sdk/src/rp2_common/hardware_pll/pll.c.obj
                0x10002130                pll_init
 .text.watchdog_start_tick
                0x10002248       0x10 CMakeFiles/LEDPWMSTRIP.dir/C_/VSARM/sdk/pico/pico-sdk/src/rp2_common/hardware_watchdog/watchdog.c.obj
                0x10002248                watchdog_start_tick
 .text.xosc_init
                0x10002258       0x28 CMakeFiles/LEDPWMSTRIP.dir/C_/VSARM/sdk/pico/pico-sdk/src/rp2_common/hardware_xosc/xosc.c.obj
                0x10002258                xosc_init
 .text._out_null
                0x10002280        0x2 CMakeFiles/LEDPWMSTRIP.dir/C_/VSARM/sdk/pico/pico-sdk/src/rp2_common/pico_printf/printf.c.obj
 .text._out_fct
                0x10002282        0xe CMakeFiles/LEDPWMSTRIP.dir/C_/VSARM/sdk/pico/pico-sdk/src/rp2_common/pico_printf/printf.c.obj
 .text._atoi    0x10002290       0x24 CMakeFiles/LEDPWMSTRIP.dir/C_/VSARM/sdk/pico/pico-sdk/src/rp2_common/pico_printf/printf.c.obj
 .text._out_rev
                0x100022b4       0xae CMakeFiles/LEDPWMSTRIP.dir/C_/VSARM/sdk/pico/pico-sdk/src/rp2_common/pico_printf/printf.c.obj
 .text._ntoa_format
                0x10002362      0x112 CMakeFiles/LEDPWMSTRIP.dir/C_/VSARM/sdk/pico/pico-sdk/src/rp2_common/pico_printf/printf.c.obj
 .text._ntoa_long
                0x10002474       0xbc CMakeFiles/LEDPWMSTRIP.dir/C_/VSARM/sdk/pico/pico-sdk/src/rp2_common/pico_printf/printf.c.obj
 .text._ntoa_long_long
                0x10002530       0xe2 CMakeFiles/LEDPWMSTRIP.dir/C_/VSARM/sdk/pico/pico-sdk/src/rp2_common/pico_printf/printf.c.obj
 *fill*         0x10002612        0x2 
 .text._etoa    0x10002614      0x414 CMakeFiles/LEDPWMSTRIP.dir/C_/VSARM/sdk/pico/pico-sdk/src/rp2_common/pico_printf/printf.c.obj
 .text._ftoa    0x10002a28      0x354 CMakeFiles/LEDPWMSTRIP.dir/C_/VSARM/sdk/pico/pico-sdk/src/rp2_common/pico_printf/printf.c.obj
 .text._vsnprintf
                0x10002d7c      0x624 CMakeFiles/LEDPWMSTRIP.dir/C_/VSARM/sdk/pico/pico-sdk/src/rp2_common/pico_printf/printf.c.obj
 .text.vfctprintf
                0x100033a0       0x20 CMakeFiles/LEDPWMSTRIP.dir/C_/VSARM/sdk/pico/pico-sdk/src/rp2_common/pico_printf/printf.c.obj
                0x100033a0                vfctprintf
 .text          0x100033c0       0x10 CMakeFiles/LEDPWMSTRIP.dir/C_/VSARM/sdk/pico/pico-sdk/src/rp2_common/pico_bit_ops/bit_ops_aeabi.S.obj
 .text.rom_func_lookup
                0x100033d0       0x10 CMakeFiles/LEDPWMSTRIP.dir/C_/VSARM/sdk/pico/pico-sdk/src/rp2_common/pico_bootrom/bootrom.c.obj
                0x100033d0                rom_func_lookup
 .text.rom_data_lookup
                0x100033e0       0x10 CMakeFiles/LEDPWMSTRIP.dir/C_/VSARM/sdk/pico/pico-sdk/src/rp2_common/pico_bootrom/bootrom.c.obj
                0x100033e0                rom_data_lookup
 .text.rom_funcs_lookup
                0x100033f0       0x36 CMakeFiles/LEDPWMSTRIP.dir/C_/VSARM/sdk/pico/pico-sdk/src/rp2_common/pico_bootrom/bootrom.c.obj
                0x100033f0                rom_funcs_lookup
 *fill*         0x10003426        0x2 
 .text.__wrap___aeabi_idiv
                0x10003428       0x50 CMakeFiles/LEDPWMSTRIP.dir/C_/VSARM/sdk/pico/pico-sdk/src/rp2_common/pico_divider/divider.S.obj
                0x10003428                __wrap___aeabi_idivmod
                0x10003428                divmod_s32s32
                0x10003428                div_s32s32
                0x10003428                __wrap___aeabi_idiv
                0x10003430                divmod_s32s32_unsafe
                0x1000345c                divmod_s32s32_savestate
 .text.__wrap___aeabi_uidiv
                0x10003478       0x4c CMakeFiles/LEDPWMSTRIP.dir/C_/VSARM/sdk/pico/pico-sdk/src/rp2_common/pico_divider/divider.S.obj
                0x10003478                __wrap___aeabi_uidiv
                0x10003478                __wrap___aeabi_uidivmod
                0x10003478                div_u32u32
                0x10003478                divmod_u32u32
                0x10003480                divmod_u32u32_unsafe
                0x100034a8                divmod_u32u32_savestate
 .text.__wrap___aeabi_ldiv
                0x100034c4      0x430 CMakeFiles/LEDPWMSTRIP.dir/C_/VSARM/sdk/pico/pico-sdk/src/rp2_common/pico_divider/divider.S.obj
                0x100034c4                div_s64s64
                0x100034c4                divmod_s64s64
                0x100034c4                __wrap___aeabi_ldivmod
                0x100034fc                divmod_u64u64
                0x100034fc                div_u64u64
                0x100034fc                __wrap___aeabi_uldivmod
                0x1000350c                divmod_u64u64_savestate
                0x10003534                divmod_s64s64_unsafe
                0x100035bc                divmod_u64u64_unsafe
 .text.__wrap___aeabi_darithmetic
                0x100038f4       0x80 CMakeFiles/LEDPWMSTRIP.dir/C_/VSARM/sdk/pico/pico-sdk/src/rp2_common/pico_double/double_aeabi.S.obj
                0x100038f4                __wrap___aeabi_drsub
                0x100038fa                __wrap___aeabi_dsub
                0x1000390c                __wrap___aeabi_dadd
                0x1000391e                __wrap___aeabi_ddiv
                0x1000395a                __wrap___aeabi_dmul
 .text.__wrap___aeabi_cdcmple
                0x10003974       0x6c CMakeFiles/LEDPWMSTRIP.dir/C_/VSARM/sdk/pico/pico-sdk/src/rp2_common/pico_double/double_aeabi.S.obj
                0x10003974                __wrap___aeabi_cdrcmple
                0x10003984                __wrap___aeabi_cdcmpeq
                0x10003984                __wrap___aeabi_cdcmple
 .text.__wrap___aeabi_dcmplt
                0x100039e0        0xc CMakeFiles/LEDPWMSTRIP.dir/C_/VSARM/sdk/pico/pico-sdk/src/rp2_common/pico_double/double_aeabi.S.obj
                0x100039e0                __wrap___aeabi_dcmplt
 .text.__wrap___aeabi_dcmple
                0x100039ec       0x10 CMakeFiles/LEDPWMSTRIP.dir/C_/VSARM/sdk/pico/pico-sdk/src/rp2_common/pico_double/double_aeabi.S.obj
                0x100039ec                __wrap___aeabi_dcmple
 .text.__wrap___aeabi_dcmpge
                0x100039fc       0x10 CMakeFiles/LEDPWMSTRIP.dir/C_/VSARM/sdk/pico/pico-sdk/src/rp2_common/pico_double/double_aeabi.S.obj
                0x100039fc                __wrap___aeabi_dcmpge
 .text.__wrap___aeabi_dcmpgt
                0x10003a0c        0xa CMakeFiles/LEDPWMSTRIP.dir/C_/VSARM/sdk/pico/pico-sdk/src/rp2_common/pico_double/double_aeabi.S.obj
                0x10003a0c                __wrap___aeabi_dcmpgt
 .text.__wrap___aeabi_dcmpun
                0x10003a16       0x1c CMakeFiles/LEDPWMSTRIP.dir/C_/VSARM/sdk/pico/pico-sdk/src/rp2_common/pico_double/double_aeabi.S.obj
                0x10003a16                __wrap___aeabi_dcmpun
 *fill*         0x10003a32        0x2 
 .text.__wrap___aeabi_i2d
                0x10003a34       0x38 CMakeFiles/LEDPWMSTRIP.dir/C_/VSARM/sdk/pico/pico-sdk/src/rp2_common/pico_double/double_aeabi.S.obj
                0x10003a34                __wrap___aeabi_ui2d
                0x10003a3c                __wrap___aeabi_i2d
 .text.__wrap___aeabi_d2iz
                0x10003a6c       0x48 CMakeFiles/LEDPWMSTRIP.dir/C_/VSARM/sdk/pico/pico-sdk/src/rp2_common/pico_double/double_aeabi.S.obj
                0x10003a6c                double2int_z
                0x10003a6c                __wrap___aeabi_d2iz
 .text.__wrap___aeabi_d2uiz
                0x10003ab4       0x18 CMakeFiles/LEDPWMSTRIP.dir/C_/VSARM/sdk/pico/pico-sdk/src/rp2_common/pico_double/double_aeabi.S.obj
                0x10003ab4                __wrap___aeabi_d2uiz
                0x10003ab4                double2uint
 .text.__aeabi_double_init
                0x10003acc       0xb8 CMakeFiles/LEDPWMSTRIP.dir/C_/VSARM/sdk/pico/pico-sdk/src/rp2_common/pico_double/double_init_rom.c.obj
                0x10003acc                __aeabi_double_init
 .text.double_table_shim_on_use_helper
                0x10003b84       0x34 CMakeFiles/LEDPWMSTRIP.dir/C_/VSARM/sdk/pico/pico-sdk/src/rp2_common/pico_double/double_v1_rom_shim.S.obj
                0x10003b84                double_table_shim_on_use_helper
 .text.__wrap___aeabi_dsub
                0x10003bb8       0x10 CMakeFiles/LEDPWMSTRIP.dir/C_/VSARM/sdk/pico/pico-sdk/src/rp2_common/pico_double/double_v1_rom_shim.S.obj
                0x10003bb8                drsub_shim
                0x10003bbe                dsub_shim
 .text.dadd_shim
                0x10003bc8      0x15c CMakeFiles/LEDPWMSTRIP.dir/C_/VSARM/sdk/pico/pico-sdk/src/rp2_common/pico_double/double_v1_rom_shim.S.obj
                0x10003bc8                dadd_shim
 .text.dmul_shim
                0x10003d24      0x15c CMakeFiles/LEDPWMSTRIP.dir/C_/VSARM/sdk/pico/pico-sdk/src/rp2_common/pico_double/double_v1_rom_shim.S.obj
                0x10003d24                dmul_shim
 .text.ddiv_shim
                0x10003e80      0x1b0 CMakeFiles/LEDPWMSTRIP.dir/C_/VSARM/sdk/pico/pico-sdk/src/rp2_common/pico_double/double_v1_rom_shim.S.obj
                0x10003e80                ddiv_shim
 .text.dcordic_rot_step
                0x10004030       0x7c CMakeFiles/LEDPWMSTRIP.dir/C_/VSARM/sdk/pico/pico-sdk/src/rp2_common/pico_double/double_v1_rom_shim.S.obj
                0x10004030                dcordic_rot_step
 .text.double2uint_shim
                0x100040ac        0xe CMakeFiles/LEDPWMSTRIP.dir/C_/VSARM/sdk/pico/pico-sdk/src/rp2_common/pico_double/double_v1_rom_shim.S.obj
                0x100040ac                double2uint_shim
                0x100040ae                double2ufix_shim
 *fill*         0x100040ba        0x2 
 .text.double2uint64_shim
                0x100040bc       0x6c CMakeFiles/LEDPWMSTRIP.dir/C_/VSARM/sdk/pico/pico-sdk/src/rp2_common/pico_double/double_v1_rom_shim.S.obj
                0x100040bc                double2uint64_shim
                0x100040be                double2ufix64_shim
                0x100040d8                d2fix_a
 .text.dunpacks
                0x10004128       0x3c CMakeFiles/LEDPWMSTRIP.dir/C_/VSARM/sdk/pico/pico-sdk/src/rp2_common/pico_double/double_v1_rom_shim.S.obj
                0x10004128                dunpacks
 .text.__aeabi_lmul
                0x10004164       0x32 CMakeFiles/LEDPWMSTRIP.dir/C_/VSARM/sdk/pico/pico-sdk/src/rp2_common/pico_int64_ops/pico_int64_ops_aeabi.S.obj
                0x10004164                __wrap___aeabi_lmul
 *fill*         0x10004196        0x2 
 .text.__aeabi_float_init
                0x10004198       0xfc CMakeFiles/LEDPWMSTRIP.dir/C_/VSARM/sdk/pico/pico-sdk/src/rp2_common/pico_float/float_init_rom.c.obj
                0x10004198                __aeabi_float_init
 .text.float_table_shim_on_use_helper
                0x10004294       0x34 CMakeFiles/LEDPWMSTRIP.dir/C_/VSARM/sdk/pico/pico-sdk/src/rp2_common/pico_float/float_v1_rom_shim.S.obj
                0x10004294                float_table_shim_on_use_helper
 .text          0x100042c8       0x10 CMakeFiles/LEDPWMSTRIP.dir/C_/VSARM/sdk/pico/pico-sdk/src/rp2_common/pico_mem_ops/mem_ops_aeabi.S.obj
                0x100042c8                __aeabi_mem_init
 .text.memset   0x100042d8        0xc CMakeFiles/LEDPWMSTRIP.dir/C_/VSARM/sdk/pico/pico-sdk/src/rp2_common/pico_mem_ops/mem_ops_aeabi.S.obj
                0x100042d8                __wrap_memset
 .text.memcpy   0x100042e4        0xc CMakeFiles/LEDPWMSTRIP.dir/C_/VSARM/sdk/pico/pico-sdk/src/rp2_common/pico_mem_ops/mem_ops_aeabi.S.obj
                0x100042e4                __wrap_memcpy
                0x100042e4                __wrap___aeabi_memcpy
 .text.stdio_out_chars_crlf
                0x100042f0       0x80 CMakeFiles/LEDPWMSTRIP.dir/C_/VSARM/sdk/pico/pico-sdk/src/rp2_common/pico_stdio/stdio.c.obj
 .text.stdio_stack_buffer_flush
                0x10004370       0x44 CMakeFiles/LEDPWMSTRIP.dir/C_/VSARM/sdk/pico/pico-sdk/src/rp2_common/pico_stdio/stdio.c.obj
 .text.stdio_buffered_printer
                0x100043b4       0x20 CMakeFiles/LEDPWMSTRIP.dir/C_/VSARM/sdk/pico/pico-sdk/src/rp2_common/pico_stdio/stdio.c.obj
 .text.stdout_serialize_begin
                0x100043d4       0x30 CMakeFiles/LEDPWMSTRIP.dir/C_/VSARM/sdk/pico/pico-sdk/src/rp2_common/pico_stdio/stdio.c.obj
                0x100043d4                stdout_serialize_begin
 .text.stdout_serialize_end
                0x10004404       0x10 CMakeFiles/LEDPWMSTRIP.dir/C_/VSARM/sdk/pico/pico-sdk/src/rp2_common/pico_stdio/stdio.c.obj
                0x10004404                stdout_serialize_end
 .text.stdio_put_string
                0x10004414       0x84 CMakeFiles/LEDPWMSTRIP.dir/C_/VSARM/sdk/pico/pico-sdk/src/rp2_common/pico_stdio/stdio.c.obj
 .text.stdio_flush
                0x10004498       0x20 CMakeFiles/LEDPWMSTRIP.dir/C_/VSARM/sdk/pico/pico-sdk/src/rp2_common/pico_stdio/stdio.c.obj
                0x10004498                stdio_flush
 .text.__wrap_puts
                0x100044b8       0x1c CMakeFiles/LEDPWMSTRIP.dir/C_/VSARM/sdk/pico/pico-sdk/src/rp2_common/pico_stdio/stdio.c.obj
                0x100044b8                __wrap_puts
 .text.__wrap_vprintf
                0x100044d4       0x44 CMakeFiles/LEDPWMSTRIP.dir/C_/VSARM/sdk/pico/pico-sdk/src/rp2_common/pico_stdio/stdio.c.obj
                0x100044d4                __wrap_vprintf
 .text.__wrap_printf
                0x10004518       0x18 CMakeFiles/LEDPWMSTRIP.dir/C_/VSARM/sdk/pico/pico-sdk/src/rp2_common/pico_stdio/stdio.c.obj
                0x10004518                __wrap_printf
 .text.stdio_init_all
                0x10004530        0x2 CMakeFiles/LEDPWMSTRIP.dir/C_/VSARM/sdk/pico/pico-sdk/src/rp2_common/pico_stdio/stdio.c.obj
                0x10004530                stdio_init_all
 *fill*         0x10004532        0x2 
 .text._pio_can_add_program_at_offset
                0x10004534       0x3c CMakeFiles/LEDPWMSTRIP.dir/C_/VSARM/sdk/pico/pico-sdk/src/rp2_common/hardware_pio/pio.c.obj
 .text._pio_find_offset_for_program
                0x10004570       0x7c CMakeFiles/LEDPWMSTRIP.dir/C_/VSARM/sdk/pico/pico-sdk/src/rp2_common/hardware_pio/pio.c.obj
 .text._pio_add_program_at_offset
                0x100045ec       0x78 CMakeFiles/LEDPWMSTRIP.dir/C_/VSARM/sdk/pico/pico-sdk/src/rp2_common/hardware_pio/pio.c.obj
 .text.pio_add_program
                0x10004664       0x38 CMakeFiles/LEDPWMSTRIP.dir/C_/VSARM/sdk/pico/pico-sdk/src/rp2_common/hardware_pio/pio.c.obj
                0x10004664                pio_add_program
 .text.pio_sm_set_consecutive_pindirs
                0x1000469c       0x70 CMakeFiles/LEDPWMSTRIP.dir/C_/VSARM/sdk/pico/pico-sdk/src/rp2_common/hardware_pio/pio.c.obj
                0x1000469c                pio_sm_set_consecutive_pindirs
 .text.pio_sm_init
                0x1000470c       0xe4 CMakeFiles/LEDPWMSTRIP.dir/C_/VSARM/sdk/pico/pico-sdk/src/rp2_common/hardware_pio/pio.c.obj
                0x1000470c                pio_sm_init
 .text.hw_endpoint_get_by_addr
                0x100047f0       0x18 CMakeFiles/LEDPWMSTRIP.dir/C_/VSARM/sdk/pico/pico-sdk/lib/tinyusb/src/portable/raspberrypi/rp2040/dcd_rp2040.c.obj
 .text.reset_ep0
                0x10004808       0x2c CMakeFiles/LEDPWMSTRIP.dir/C_/VSARM/sdk/pico/pico-sdk/lib/tinyusb/src/portable/raspberrypi/rp2040/dcd_rp2040.c.obj
 .text._hw_endpoint_alloc
                0x10004834       0x80 CMakeFiles/LEDPWMSTRIP.dir/C_/VSARM/sdk/pico/pico-sdk/lib/tinyusb/src/portable/raspberrypi/rp2040/dcd_rp2040.c.obj
 .text._hw_endpoint_init
                0x100048b4       0xbc CMakeFiles/LEDPWMSTRIP.dir/C_/VSARM/sdk/pico/pico-sdk/lib/tinyusb/src/portable/raspberrypi/rp2040/dcd_rp2040.c.obj
 .text.hw_endpoint_init
                0x10004970       0x18 CMakeFiles/LEDPWMSTRIP.dir/C_/VSARM/sdk/pico/pico-sdk/lib/tinyusb/src/portable/raspberrypi/rp2040/dcd_rp2040.c.obj
 .text.hw_handle_buff_status
                0x10004988       0xb4 CMakeFiles/LEDPWMSTRIP.dir/C_/VSARM/sdk/pico/pico-sdk/lib/tinyusb/src/portable/raspberrypi/rp2040/dcd_rp2040.c.obj
 .text.dcd_rp2040_irq
                0x10004a3c       0xa8 CMakeFiles/LEDPWMSTRIP.dir/C_/VSARM/sdk/pico/pico-sdk/lib/tinyusb/src/portable/raspberrypi/rp2040/dcd_rp2040.c.obj
 .text.hw_endpoint_xfer
                0x10004ae4       0x18 CMakeFiles/LEDPWMSTRIP.dir/C_/VSARM/sdk/pico/pico-sdk/lib/tinyusb/src/portable/raspberrypi/rp2040/dcd_rp2040.c.obj
 .text.ep0_0len_status
                0x10004afc       0x14 CMakeFiles/LEDPWMSTRIP.dir/C_/VSARM/sdk/pico/pico-sdk/lib/tinyusb/src/portable/raspberrypi/rp2040/dcd_rp2040.c.obj
 .text._hw_endpoint_stall
                0x10004b10       0x54 CMakeFiles/LEDPWMSTRIP.dir/C_/VSARM/sdk/pico/pico-sdk/lib/tinyusb/src/portable/raspberrypi/rp2040/dcd_rp2040.c.obj
 .text.hw_endpoint_stall
                0x10004b64        0xc CMakeFiles/LEDPWMSTRIP.dir/C_/VSARM/sdk/pico/pico-sdk/lib/tinyusb/src/portable/raspberrypi/rp2040/dcd_rp2040.c.obj
 .text._hw_endpoint_clear_stall
                0x10004b70       0x34 CMakeFiles/LEDPWMSTRIP.dir/C_/VSARM/sdk/pico/pico-sdk/lib/tinyusb/src/portable/raspberrypi/rp2040/dcd_rp2040.c.obj
 .text.hw_endpoint_clear_stall
                0x10004ba4        0xc CMakeFiles/LEDPWMSTRIP.dir/C_/VSARM/sdk/pico/pico-sdk/lib/tinyusb/src/portable/raspberrypi/rp2040/dcd_rp2040.c.obj
 .text.dcd_int_enable
                0x10004bb0       0x2c CMakeFiles/LEDPWMSTRIP.dir/C_/VSARM/sdk/pico/pico-sdk/lib/tinyusb/src/portable/raspberrypi/rp2040/dcd_rp2040.c.obj
                0x10004bb0                dcd_int_enable
 .text.dcd_set_address
                0x10004bdc       0x28 CMakeFiles/LEDPWMSTRIP.dir/C_/VSARM/sdk/pico/pico-sdk/lib/tinyusb/src/portable/raspberrypi/rp2040/dcd_rp2040.c.obj
                0x10004bdc                dcd_set_address
 .text.dcd_connect
                0x10004c04       0x30 CMakeFiles/LEDPWMSTRIP.dir/C_/VSARM/sdk/pico/pico-sdk/lib/tinyusb/src/portable/raspberrypi/rp2040/dcd_rp2040.c.obj
                0x10004c04                dcd_connect
 .text.dcd_init
                0x10004c34       0x84 CMakeFiles/LEDPWMSTRIP.dir/C_/VSARM/sdk/pico/pico-sdk/lib/tinyusb/src/portable/raspberrypi/rp2040/dcd_rp2040.c.obj
                0x10004c34                dcd_init
 .text.dcd_edpt0_status_complete
                0x10004cb8       0x40 CMakeFiles/LEDPWMSTRIP.dir/C_/VSARM/sdk/pico/pico-sdk/lib/tinyusb/src/portable/raspberrypi/rp2040/dcd_rp2040.c.obj
                0x10004cb8                dcd_edpt0_status_complete
 .text.dcd_edpt_open
                0x10004cf8       0x40 CMakeFiles/LEDPWMSTRIP.dir/C_/VSARM/sdk/pico/pico-sdk/lib/tinyusb/src/portable/raspberrypi/rp2040/dcd_rp2040.c.obj
                0x10004cf8                dcd_edpt_open
 .text.dcd_edpt_xfer
                0x10004d38       0x34 CMakeFiles/LEDPWMSTRIP.dir/C_/VSARM/sdk/pico/pico-sdk/lib/tinyusb/src/portable/raspberrypi/rp2040/dcd_rp2040.c.obj
                0x10004d38                dcd_edpt_xfer
 .text.dcd_edpt_stall
                0x10004d6c       0x28 CMakeFiles/LEDPWMSTRIP.dir/C_/VSARM/sdk/pico/pico-sdk/lib/tinyusb/src/portable/raspberrypi/rp2040/dcd_rp2040.c.obj
                0x10004d6c                dcd_edpt_stall
 .text.dcd_edpt_clear_stall
                0x10004d94       0x2c CMakeFiles/LEDPWMSTRIP.dir/C_/VSARM/sdk/pico/pico-sdk/lib/tinyusb/src/portable/raspberrypi/rp2040/dcd_rp2040.c.obj
                0x10004d94                dcd_edpt_clear_stall
 .text.rp2040_usb_init
                0x10004dc0       0x50 CMakeFiles/LEDPWMSTRIP.dir/C_/VSARM/sdk/pico/pico-sdk/lib/tinyusb/src/portable/raspberrypi/rp2040/rp2040_usb.c.obj
                0x10004dc0                rp2040_usb_init
 .text.hw_endpoint_reset_transfer
                0x10004e10       0x10 CMakeFiles/LEDPWMSTRIP.dir/C_/VSARM/sdk/pico/pico-sdk/lib/tinyusb/src/portable/raspberrypi/rp2040/rp2040_usb.c.obj
                0x10004e10                hw_endpoint_reset_transfer
 .text._hw_endpoint_buffer_control_update32
                0x10004e20       0x58 CMakeFiles/LEDPWMSTRIP.dir/C_/VSARM/sdk/pico/pico-sdk/lib/tinyusb/src/portable/raspberrypi/rp2040/rp2040_usb.c.obj
                0x10004e20                _hw_endpoint_buffer_control_update32
 .text._hw_endpoint_start_next_buffer
                0x10004e78       0x50 CMakeFiles/LEDPWMSTRIP.dir/C_/VSARM/sdk/pico/pico-sdk/lib/tinyusb/src/portable/raspberrypi/rp2040/rp2040_usb.c.obj
                0x10004e78                _hw_endpoint_start_next_buffer
 .text._hw_endpoint_xfer_start
                0x10004ec8       0x3e CMakeFiles/LEDPWMSTRIP.dir/C_/VSARM/sdk/pico/pico-sdk/lib/tinyusb/src/portable/raspberrypi/rp2040/rp2040_usb.c.obj
                0x10004ec8                _hw_endpoint_xfer_start
 *fill*         0x10004f06        0x2 
 .text._hw_endpoint_xfer_sync
                0x10004f08       0x74 CMakeFiles/LEDPWMSTRIP.dir/C_/VSARM/sdk/pico/pico-sdk/lib/tinyusb/src/portable/raspberrypi/rp2040/rp2040_usb.c.obj
                0x10004f08                _hw_endpoint_xfer_sync
 .text._hw_endpoint_xfer_continue
                0x10004f7c       0x60 CMakeFiles/LEDPWMSTRIP.dir/C_/VSARM/sdk/pico/pico-sdk/lib/tinyusb/src/portable/raspberrypi/rp2040/rp2040_usb.c.obj
                0x10004f7c                _hw_endpoint_xfer_continue
 .text._hw_endpoint_xfer
                0x10004fdc       0x34 CMakeFiles/LEDPWMSTRIP.dir/C_/VSARM/sdk/pico/pico-sdk/lib/tinyusb/src/portable/raspberrypi/rp2040/rp2040_usb.c.obj
                0x10004fdc                _hw_endpoint_xfer
 .text.mark_interface_endpoint
                0x10005010       0x2a CMakeFiles/LEDPWMSTRIP.dir/C_/VSARM/sdk/pico/pico-sdk/lib/tinyusb/src/device/usbd.c.obj
 *fill*         0x1000503a        0x2 
 .text.usbd_reset
                0x1000503c       0x88 CMakeFiles/LEDPWMSTRIP.dir/C_/VSARM/sdk/pico/pico-sdk/lib/tinyusb/src/device/usbd.c.obj
 .text.invoke_class_control
                0x100050c4       0x1a CMakeFiles/LEDPWMSTRIP.dir/C_/VSARM/sdk/pico/pico-sdk/lib/tinyusb/src/device/usbd.c.obj
 *fill*         0x100050de        0x2 
 .text.process_set_config
                0x100050e0      0x1d4 CMakeFiles/LEDPWMSTRIP.dir/C_/VSARM/sdk/pico/pico-sdk/lib/tinyusb/src/device/usbd.c.obj
 .text.process_get_descriptor
                0x100052b4       0xf8 CMakeFiles/LEDPWMSTRIP.dir/C_/VSARM/sdk/pico/pico-sdk/lib/tinyusb/src/device/usbd.c.obj
 .text.tud_inited
                0x100053ac        0xc CMakeFiles/LEDPWMSTRIP.dir/C_/VSARM/sdk/pico/pico-sdk/lib/tinyusb/src/device/usbd.c.obj
                0x100053ac                tud_inited
 .text.tud_init
                0x100053b8       0xcc CMakeFiles/LEDPWMSTRIP.dir/C_/VSARM/sdk/pico/pico-sdk/lib/tinyusb/src/device/usbd.c.obj
                0x100053b8                tud_init
 .text.dcd_event_handler
                0x10005484      0x174 CMakeFiles/LEDPWMSTRIP.dir/C_/VSARM/sdk/pico/pico-sdk/lib/tinyusb/src/device/usbd.c.obj
                0x10005484                dcd_event_handler
 .text.dcd_event_bus_signal
                0x100055f8       0x26 CMakeFiles/LEDPWMSTRIP.dir/C_/VSARM/sdk/pico/pico-sdk/lib/tinyusb/src/device/usbd.c.obj
                0x100055f8                dcd_event_bus_signal
 .text.dcd_event_bus_reset
                0x1000561e       0x2a CMakeFiles/LEDPWMSTRIP.dir/C_/VSARM/sdk/pico/pico-sdk/lib/tinyusb/src/device/usbd.c.obj
                0x1000561e                dcd_event_bus_reset
 .text.dcd_event_setup_received
                0x10005648       0x34 CMakeFiles/LEDPWMSTRIP.dir/C_/VSARM/sdk/pico/pico-sdk/lib/tinyusb/src/device/usbd.c.obj
                0x10005648                dcd_event_setup_received
 .text.dcd_event_xfer_complete
                0x1000567c       0x44 CMakeFiles/LEDPWMSTRIP.dir/C_/VSARM/sdk/pico/pico-sdk/lib/tinyusb/src/device/usbd.c.obj
                0x1000567c                dcd_event_xfer_complete
 .text.usbd_edpt_open
                0x100056c0       0xe0 CMakeFiles/LEDPWMSTRIP.dir/C_/VSARM/sdk/pico/pico-sdk/lib/tinyusb/src/device/usbd.c.obj
                0x100056c0                usbd_edpt_open
 .text.usbd_open_edpt_pair
                0x100057a0       0x8c CMakeFiles/LEDPWMSTRIP.dir/C_/VSARM/sdk/pico/pico-sdk/lib/tinyusb/src/device/usbd.c.obj
                0x100057a0                usbd_open_edpt_pair
 .text.usbd_edpt_claim
                0x1000582c       0x8c CMakeFiles/LEDPWMSTRIP.dir/C_/VSARM/sdk/pico/pico-sdk/lib/tinyusb/src/device/usbd.c.obj
                0x1000582c                usbd_edpt_claim
 .text.usbd_edpt_xfer
                0x100058b8       0x80 CMakeFiles/LEDPWMSTRIP.dir/C_/VSARM/sdk/pico/pico-sdk/lib/tinyusb/src/device/usbd.c.obj
                0x100058b8                usbd_edpt_xfer
 .text.usbd_edpt_stall
                0x10005938       0x2c CMakeFiles/LEDPWMSTRIP.dir/C_/VSARM/sdk/pico/pico-sdk/lib/tinyusb/src/device/usbd.c.obj
                0x10005938                usbd_edpt_stall
 .text.usbd_edpt_clear_stall
                0x10005964       0x2c CMakeFiles/LEDPWMSTRIP.dir/C_/VSARM/sdk/pico/pico-sdk/lib/tinyusb/src/device/usbd.c.obj
                0x10005964                usbd_edpt_clear_stall
 .text.usbd_edpt_stalled
                0x10005990       0x1c CMakeFiles/LEDPWMSTRIP.dir/C_/VSARM/sdk/pico/pico-sdk/lib/tinyusb/src/device/usbd.c.obj
                0x10005990                usbd_edpt_stalled
 .text.process_control_request
                0x100059ac      0x380 CMakeFiles/LEDPWMSTRIP.dir/C_/VSARM/sdk/pico/pico-sdk/lib/tinyusb/src/device/usbd.c.obj
 .text.tud_task
                0x10005d2c      0x204 CMakeFiles/LEDPWMSTRIP.dir/C_/VSARM/sdk/pico/pico-sdk/lib/tinyusb/src/device/usbd.c.obj
                0x10005d2c                tud_task
 .text._data_stage_xact
                0x10005f30       0x58 CMakeFiles/LEDPWMSTRIP.dir/C_/VSARM/sdk/pico/pico-sdk/lib/tinyusb/src/device/usbd_control.c.obj
 .text.tud_control_status
                0x10005f88       0x38 CMakeFiles/LEDPWMSTRIP.dir/C_/VSARM/sdk/pico/pico-sdk/lib/tinyusb/src/device/usbd_control.c.obj
                0x10005f88                tud_control_status
 .text.tud_control_xfer
                0x10005fc0       0xa8 CMakeFiles/LEDPWMSTRIP.dir/C_/VSARM/sdk/pico/pico-sdk/lib/tinyusb/src/device/usbd_control.c.obj
                0x10005fc0                tud_control_xfer
 .text.usbd_control_reset
                0x10006068       0x14 CMakeFiles/LEDPWMSTRIP.dir/C_/VSARM/sdk/pico/pico-sdk/lib/tinyusb/src/device/usbd_control.c.obj
                0x10006068                usbd_control_reset
 .text.usbd_control_set_complete_callback
                0x1000607c        0xc CMakeFiles/LEDPWMSTRIP.dir/C_/VSARM/sdk/pico/pico-sdk/lib/tinyusb/src/device/usbd_control.c.obj
                0x1000607c                usbd_control_set_complete_callback
 .text.usbd_control_set_request
                0x10006088       0x1c CMakeFiles/LEDPWMSTRIP.dir/C_/VSARM/sdk/pico/pico-sdk/lib/tinyusb/src/device/usbd_control.c.obj
                0x10006088                usbd_control_set_request
 .text.usbd_control_xfer_cb
                0x100060a4       0xfc CMakeFiles/LEDPWMSTRIP.dir/C_/VSARM/sdk/pico/pico-sdk/lib/tinyusb/src/device/usbd_control.c.obj
                0x100060a4                usbd_control_xfer_cb
 .text.tud_hid_n_report
                0x100061a0       0x88 CMakeFiles/LEDPWMSTRIP.dir/C_/VSARM/sdk/pico/pico-sdk/lib/tinyusb/src/class/hid/hid_device.c.obj
                0x100061a0                tud_hid_n_report
 .text.hidd_reset
                0x10006228       0x14 CMakeFiles/LEDPWMSTRIP.dir/C_/VSARM/sdk/pico/pico-sdk/lib/tinyusb/src/class/hid/hid_device.c.obj
                0x10006228                hidd_reset
 .text.hidd_init
                0x1000623c        0xa CMakeFiles/LEDPWMSTRIP.dir/C_/VSARM/sdk/pico/pico-sdk/lib/tinyusb/src/class/hid/hid_device.c.obj
                0x1000623c                hidd_init
 *fill*         0x10006246        0x2 
 .text.hidd_open
                0x10006248      0x104 CMakeFiles/LEDPWMSTRIP.dir/C_/VSARM/sdk/pico/pico-sdk/lib/tinyusb/src/class/hid/hid_device.c.obj
                0x10006248                hidd_open
 .text.hidd_control_xfer_cb
                0x1000634c      0x230 CMakeFiles/LEDPWMSTRIP.dir/C_/VSARM/sdk/pico/pico-sdk/lib/tinyusb/src/class/hid/hid_device.c.obj
                0x1000634c                hidd_control_xfer_cb
 .text.hidd_xfer_cb
                0x1000657c       0xa8 CMakeFiles/LEDPWMSTRIP.dir/C_/VSARM/sdk/pico/pico-sdk/lib/tinyusb/src/class/hid/hid_device.c.obj
                0x1000657c                hidd_xfer_cb
 .text.tusb_init
                0x10006624       0x24 CMakeFiles/LEDPWMSTRIP.dir/C_/VSARM/sdk/pico/pico-sdk/lib/tinyusb/src/tusb.c.obj
                0x10006624                tusb_init
 .text.tusb_inited
                0x10006648        0xe CMakeFiles/LEDPWMSTRIP.dir/C_/VSARM/sdk/pico/pico-sdk/lib/tinyusb/src/tusb.c.obj
                0x10006648                tusb_inited
 .text.advance_pointer
                0x10006656       0x1e CMakeFiles/LEDPWMSTRIP.dir/C_/VSARM/sdk/pico/pico-sdk/lib/tinyusb/src/common/tusb_fifo.c.obj
 .text.backward_pointer
                0x10006674       0x1a CMakeFiles/LEDPWMSTRIP.dir/C_/VSARM/sdk/pico/pico-sdk/lib/tinyusb/src/common/tusb_fifo.c.obj
 .text.get_relative_pointer
                0x1000668e       0x10 CMakeFiles/LEDPWMSTRIP.dir/C_/VSARM/sdk/pico/pico-sdk/lib/tinyusb/src/common/tusb_fifo.c.obj
 .text._tu_fifo_peek
                0x1000669e       0x50 CMakeFiles/LEDPWMSTRIP.dir/C_/VSARM/sdk/pico/pico-sdk/lib/tinyusb/src/common/tusb_fifo.c.obj
 .text.tu_fifo_read
                0x100066ee       0x42 CMakeFiles/LEDPWMSTRIP.dir/C_/VSARM/sdk/pico/pico-sdk/lib/tinyusb/src/common/tusb_fifo.c.obj
                0x100066ee                tu_fifo_read
 .text.tu_fifo_write
                0x10006730       0x6c CMakeFiles/LEDPWMSTRIP.dir/C_/VSARM/sdk/pico/pico-sdk/lib/tinyusb/src/common/tusb_fifo.c.obj
                0x10006730                tu_fifo_write
 .text.tu_fifo_clear
                0x1000679c       0x4c CMakeFiles/LEDPWMSTRIP.dir/C_/VSARM/sdk/pico/pico-sdk/lib/tinyusb/src/common/tusb_fifo.c.obj
                0x1000679c                tu_fifo_clear
 .text.board_init
                0x100067e8       0x14 CMakeFiles/LEDPWMSTRIP.dir/C_/VSARM/sdk/pico/pico-sdk/lib/tinyusb/hw/bsp/rp2040/family.c.obj
                0x100067e8                board_init
 .text.board_led_write
                0x100067fc       0x1c CMakeFiles/LEDPWMSTRIP.dir/C_/VSARM/sdk/pico/pico-sdk/lib/tinyusb/hw/bsp/rp2040/family.c.obj
                0x100067fc                board_led_write
 .text.strlen   0x10006818       0x5c c:/progra~2/gnuarm~1/102020~1/bin/../lib/gcc/arm-none-eabi/10.2.1/../../../../arm-none-eabi/lib/thumb/v6-m/nofp\libg.a(lib_a-strlen-stub.o)
                0x10006818                strlen
 *(.fini)
 .fini          0x10006874        0x4 c:/progra~2/gnuarm~1/102020~1/bin/../lib/gcc/arm-none-eabi/10.2.1/thumb/v6-m/nofp/crti.o
                0x10006874                _fini
 .fini.__stub   0x10006878       0x60 linker stubs
 *crtbegin.o(.ctors)
 *crtbegin?.o(.ctors)
 *(EXCLUDE_FILE(*crtend.o *crtend?.o) .ctors)
 *(SORT_BY_NAME(.ctors.*))
 *(.ctors)
 *crtbegin.o(.dtors)
 *crtbegin?.o(.dtors)
 *(EXCLUDE_FILE(*crtend.o *crtend?.o) .dtors)
 *(SORT_BY_NAME(.dtors.*))
 *(.dtors)
 *(.eh_frame*)
 .eh_frame      0x100068d8        0x0 c:/progra~2/gnuarm~1/102020~1/bin/../lib/gcc/arm-none-eabi/10.2.1/thumb/v6-m/nofp/crtbegin.o
                0x100068d8                . = ALIGN (0x4)

.glue_7         0x100068d8        0x0
 .glue_7        0x100068d8        0x0 linker stubs

.glue_7t        0x100068d8        0x0
 .glue_7t       0x100068d8        0x0 linker stubs

.vfp11_veneer   0x100068d8        0x0
 .vfp11_veneer  0x100068d8        0x0 linker stubs

.v4_bx          0x100068d8        0x0
 .v4_bx         0x100068d8        0x0 linker stubs

.iplt           0x100068d8        0x0
 .iplt          0x100068d8        0x0 c:/progra~2/gnuarm~1/102020~1/bin/../lib/gcc/arm-none-eabi/10.2.1/thumb/v6-m/nofp/crtbegin.o

.rodata         0x100068d8     0x1500
 *(EXCLUDE_FILE(*libm.a: *libc.a:*lib_a-mem*.o *libgcc.a:) .rodata*)
 .rodata.pwm_program
                0x100068d8        0x6 CMakeFiles/LEDPWMSTRIP.dir/main.c.obj
 *fill*         0x100068de        0x2 
 .rodata.pwm_program_instructions
                0x100068e0        0xe CMakeFiles/LEDPWMSTRIP.dir/main.c.obj
 *fill*         0x100068ee        0x2 
 .rodata.str1.4
                0x100068f0       0x23 CMakeFiles/LEDPWMSTRIP.dir/usb_descriptors.c.obj
 *fill*         0x10006913        0x1 
 .rodata.__compound_literal.0
                0x10006914        0x2 CMakeFiles/LEDPWMSTRIP.dir/usb_descriptors.c.obj
 *fill*         0x10006916        0x2 
 .rodata.desc_configuration
                0x10006918       0x29 CMakeFiles/LEDPWMSTRIP.dir/usb_descriptors.c.obj
                0x10006918                desc_configuration
 *fill*         0x10006941        0x3 
 .rodata.desc_device
                0x10006944       0x12 CMakeFiles/LEDPWMSTRIP.dir/usb_descriptors.c.obj
                0x10006944                desc_device
 *fill*         0x10006956        0x2 
 .rodata.desc_hid_report
                0x10006958       0x20 CMakeFiles/LEDPWMSTRIP.dir/usb_descriptors.c.obj
                0x10006958                desc_hid_report
 .rodata.spin_lock_claim_unused.str1.4
                0x10006978       0x1b CMakeFiles/LEDPWMSTRIP.dir/C_/VSARM/sdk/pico/pico-sdk/src/rp2_common/hardware_sync/sync.c.obj
 *fill*         0x10006993        0x1 
 .rodata.repeating_timer_callback.str1.4
                0x10006994       0x4b CMakeFiles/LEDPWMSTRIP.dir/C_/VSARM/sdk/pico/pico-sdk/src/common/pico_time/time.c.obj
 *fill*         0x100069df        0x1 
 .rodata.alarm_pool_dump_key.str1.4
                0x100069e0       0x33 CMakeFiles/LEDPWMSTRIP.dir/C_/VSARM/sdk/pico/pico-sdk/src/common/pico_time/time.c.obj
 *fill*         0x10006a13        0x1 
 .rodata.ph_add_child_node.str1.4
                0x10006a14       0x96 CMakeFiles/LEDPWMSTRIP.dir/C_/VSARM/sdk/pico/pico-sdk/src/common/pico_time/time.c.obj
 *fill*         0x10006aaa        0x2 
 .rodata.add_alarm_under_lock.str1.4
                0x10006aac       0x28 CMakeFiles/LEDPWMSTRIP.dir/C_/VSARM/sdk/pico/pico-sdk/src/common/pico_time/time.c.obj
                                 0x2b (size before relaxing)
 .rodata.alarm_pool_alarm_callback.str1.4
                0x10006ad4       0xe6 CMakeFiles/LEDPWMSTRIP.dir/C_/VSARM/sdk/pico/pico-sdk/src/common/pico_time/time.c.obj
 *fill*         0x10006bba        0x2 
 .rodata.alarm_pool_get_default.str1.4
                0x10006bbc       0x21 CMakeFiles/LEDPWMSTRIP.dir/C_/VSARM/sdk/pico/pico-sdk/src/common/pico_time/time.c.obj
 *fill*         0x10006bdd        0x3 
 .rodata.alarm_pool_cancel_alarm.str1.4
                0x10006be0       0x27 CMakeFiles/LEDPWMSTRIP.dir/C_/VSARM/sdk/pico/pico-sdk/src/common/pico_time/time.c.obj
 *fill*         0x10006c07        0x1 
 .rodata.sleep_until.str1.4
                0x10006c08       0x4d CMakeFiles/LEDPWMSTRIP.dir/C_/VSARM/sdk/pico/pico-sdk/src/common/pico_time/time.c.obj
 *fill*         0x10006c55        0x3 
 .rodata.__func__.1
                0x10006c58       0x18 CMakeFiles/LEDPWMSTRIP.dir/C_/VSARM/sdk/pico/pico-sdk/src/common/pico_time/time.c.obj
 .rodata.__func__.10
                0x10006c70       0x15 CMakeFiles/LEDPWMSTRIP.dir/C_/VSARM/sdk/pico/pico-sdk/src/common/pico_time/time.c.obj
 *fill*         0x10006c85        0x3 
 .rodata.__func__.11
                0x10006c88       0x1a CMakeFiles/LEDPWMSTRIP.dir/C_/VSARM/sdk/pico/pico-sdk/src/common/pico_time/time.c.obj
 *fill*         0x10006ca2        0x2 
 .rodata.__func__.12
                0x10006ca4        0xa CMakeFiles/LEDPWMSTRIP.dir/C_/VSARM/sdk/pico/pico-sdk/src/common/pico_time/time.c.obj
 *fill*         0x10006cae        0x2 
 .rodata.__func__.3
                0x10006cb0       0x17 CMakeFiles/LEDPWMSTRIP.dir/C_/VSARM/sdk/pico/pico-sdk/src/common/pico_time/time.c.obj
 *fill*         0x10006cc7        0x1 
 .rodata.__func__.4
                0x10006cc8       0x12 CMakeFiles/LEDPWMSTRIP.dir/C_/VSARM/sdk/pico/pico-sdk/src/common/pico_time/time.c.obj
 *fill*         0x10006cda        0x2 
 .rodata.__func__.5
                0x10006cdc        0xd CMakeFiles/LEDPWMSTRIP.dir/C_/VSARM/sdk/pico/pico-sdk/src/common/pico_time/time.c.obj
 *fill*         0x10006ce9        0x3 
 .rodata.__func__.6
                0x10006cec       0x12 CMakeFiles/LEDPWMSTRIP.dir/C_/VSARM/sdk/pico/pico-sdk/src/common/pico_time/time.c.obj
 *fill*         0x10006cfe        0x2 
 .rodata.__func__.7
                0x10006d00        0xf CMakeFiles/LEDPWMSTRIP.dir/C_/VSARM/sdk/pico/pico-sdk/src/common/pico_time/time.c.obj
 *fill*         0x10006d0f        0x1 
 .rodata.__func__.8
                0x10006d10        0xc CMakeFiles/LEDPWMSTRIP.dir/C_/VSARM/sdk/pico/pico-sdk/src/common/pico_time/time.c.obj
 .rodata.__func__.9
                0x10006d1c       0x15 CMakeFiles/LEDPWMSTRIP.dir/C_/VSARM/sdk/pico/pico-sdk/src/common/pico_time/time.c.obj
 *fill*         0x10006d31        0x3 
 .rodata.hardware_alarm_claim.str1.4
                0x10006d34       0x22 CMakeFiles/LEDPWMSTRIP.dir/C_/VSARM/sdk/pico/pico-sdk/src/rp2_common/hardware_timer/timer.c.obj
 *fill*         0x10006d56        0x2 
 .rodata.hardware_alarm_set_target.str1.4
                0x10006d58       0x65 CMakeFiles/LEDPWMSTRIP.dir/C_/VSARM/sdk/pico/pico-sdk/src/rp2_common/hardware_timer/timer.c.obj
 *fill*         0x10006dbd        0x3 
 .rodata.__func__.0
                0x10006dc0       0x1a CMakeFiles/LEDPWMSTRIP.dir/C_/VSARM/sdk/pico/pico-sdk/src/rp2_common/hardware_timer/timer.c.obj
 *fill*         0x10006dda        0x2 
 .rodata.str1.4
                0x10006ddc       0xb1 CMakeFiles/LEDPWMSTRIP.dir/C_/VSARM/sdk/pico/pico-sdk/src/common/pico_sync/mutex.c.obj
                                0x115 (size before relaxing)
 *fill*         0x10006e8d        0x3 
 .rodata.__func__.0
                0x10006e90        0xb CMakeFiles/LEDPWMSTRIP.dir/C_/VSARM/sdk/pico/pico-sdk/src/common/pico_sync/mutex.c.obj
 *fill*         0x10006e9b        0x1 
 .rodata.__func__.1
                0x10006e9c       0x18 CMakeFiles/LEDPWMSTRIP.dir/C_/VSARM/sdk/pico/pico-sdk/src/common/pico_sync/mutex.c.obj
 .rodata.__func__.2
                0x10006eb4       0x15 CMakeFiles/LEDPWMSTRIP.dir/C_/VSARM/sdk/pico/pico-sdk/src/common/pico_sync/mutex.c.obj
 *fill*         0x10006ec9        0x3 
 .rodata.__func__.3
                0x10006ecc       0x15 CMakeFiles/LEDPWMSTRIP.dir/C_/VSARM/sdk/pico/pico-sdk/src/common/pico_sync/mutex.c.obj
 .rodata.ph_add_child_node.str1.4
                0x10006ee1       0x96 CMakeFiles/LEDPWMSTRIP.dir/C_/VSARM/sdk/pico/pico-sdk/src/common/pico_util/pheap.c.obj
 *fill*         0x10006ee1        0x3 
 .rodata.ph_remove_any_head.str1.4
                0x10006ee4       0x8c CMakeFiles/LEDPWMSTRIP.dir/C_/VSARM/sdk/pico/pico-sdk/src/common/pico_util/pheap.c.obj
 .rodata.ph_remove_and_free_node.str1.4
                0x10006f70       0x26 CMakeFiles/LEDPWMSTRIP.dir/C_/VSARM/sdk/pico/pico-sdk/src/common/pico_util/pheap.c.obj
 *fill*         0x10006f96        0x2 
 .rodata.__func__.0
                0x10006f98       0x18 CMakeFiles/LEDPWMSTRIP.dir/C_/VSARM/sdk/pico/pico-sdk/src/common/pico_util/pheap.c.obj
 .rodata.__func__.1
                0x10006fb0       0x13 CMakeFiles/LEDPWMSTRIP.dir/C_/VSARM/sdk/pico/pico-sdk/src/common/pico_util/pheap.c.obj
 *fill*         0x10006fc3        0x1 
 .rodata.__func__.2
                0x10006fc4       0x12 CMakeFiles/LEDPWMSTRIP.dir/C_/VSARM/sdk/pico/pico-sdk/src/common/pico_util/pheap.c.obj
 *fill*         0x10006fd6        0x2 
 .rodata.__func__.3
                0x10006fd8        0xc CMakeFiles/LEDPWMSTRIP.dir/C_/VSARM/sdk/pico/pico-sdk/src/common/pico_util/pheap.c.obj
 .rodata.__assert_func.str1.4
                0x10006fe4       0x3f CMakeFiles/LEDPWMSTRIP.dir/C_/VSARM/sdk/pico/pico-sdk/src/rp2_common/pico_runtime/runtime.c.obj
                                 0x43 (size before relaxing)
 *fill*         0x10007023        0x1 
 .rodata.panic.str1.4
                0x10007024       0x12 CMakeFiles/LEDPWMSTRIP.dir/C_/VSARM/sdk/pico/pico-sdk/src/rp2_common/pico_runtime/runtime.c.obj
 *fill*         0x10007036        0x2 
 .rodata.clock_configure.str1.4
                0x10007038       0x57 CMakeFiles/LEDPWMSTRIP.dir/C_/VSARM/sdk/pico/pico-sdk/src/rp2_common/hardware_clocks/clocks.c.obj
 *fill*         0x1000708f        0x1 
 .rodata.__func__.1
                0x10007090       0x10 CMakeFiles/LEDPWMSTRIP.dir/C_/VSARM/sdk/pico/pico-sdk/src/rp2_common/hardware_clocks/clocks.c.obj
 .rodata.make_branch.str1.4
                0x100070a0       0x4d CMakeFiles/LEDPWMSTRIP.dir/C_/VSARM/sdk/pico/pico-sdk/src/rp2_common/hardware_irq/irq.c.obj
 *fill*         0x100070ed        0x3 
 .rodata.irq_set_exclusive_handler.str1.4
                0x100070f0       0x36 CMakeFiles/LEDPWMSTRIP.dir/C_/VSARM/sdk/pico/pico-sdk/src/rp2_common/hardware_irq/irq.c.obj
 *fill*         0x10007126        0x2 
 .rodata.irq_add_shared_handler.str1.4
                0x10007128       0xd9 CMakeFiles/LEDPWMSTRIP.dir/C_/VSARM/sdk/pico/pico-sdk/src/rp2_common/hardware_irq/irq.c.obj
 *fill*         0x10007201        0x3 
 .rodata.irq_remove_handler.str1.4
                0x10007204       0x2a CMakeFiles/LEDPWMSTRIP.dir/C_/VSARM/sdk/pico/pico-sdk/src/rp2_common/hardware_irq/irq.c.obj
 *fill*         0x1000722e        0x2 
 .rodata.irq_add_tail_to_free_list.str1.4
                0x10007230       0x32 CMakeFiles/LEDPWMSTRIP.dir/C_/VSARM/sdk/pico/pico-sdk/src/rp2_common/hardware_irq/irq.c.obj
                                 0x3a (size before relaxing)
 *fill*         0x10007262        0x2 
 .rodata.__func__.0
                0x10007264       0x1a CMakeFiles/LEDPWMSTRIP.dir/C_/VSARM/sdk/pico/pico-sdk/src/rp2_common/hardware_irq/irq.c.obj
 *fill*         0x1000727e        0x2 
 .rodata.__func__.1
                0x10007280       0x17 CMakeFiles/LEDPWMSTRIP.dir/C_/VSARM/sdk/pico/pico-sdk/src/rp2_common/hardware_irq/irq.c.obj
 *fill*         0x10007297        0x1 
 .rodata.__func__.2
                0x10007298       0x13 CMakeFiles/LEDPWMSTRIP.dir/C_/VSARM/sdk/pico/pico-sdk/src/rp2_common/hardware_irq/irq.c.obj
 *fill*         0x100072ab        0x1 
 .rodata.__func__.3
                0x100072ac        0xc CMakeFiles/LEDPWMSTRIP.dir/C_/VSARM/sdk/pico/pico-sdk/src/rp2_common/hardware_irq/irq.c.obj
 .rodata.__func__.4
                0x100072b8        0xf CMakeFiles/LEDPWMSTRIP.dir/C_/VSARM/sdk/pico/pico-sdk/src/rp2_common/hardware_irq/irq.c.obj
 *fill*         0x100072c7        0x1 
 .rodata.__func__.6
                0x100072c8       0x1a CMakeFiles/LEDPWMSTRIP.dir/C_/VSARM/sdk/pico/pico-sdk/src/rp2_common/hardware_irq/irq.c.obj
 *fill*         0x100072e2        0x2 
 .rodata.pll_init.str1.4
                0x100072e4       0xdb CMakeFiles/LEDPWMSTRIP.dir/C_/VSARM/sdk/pico/pico-sdk/src/rp2_common/hardware_pll/pll.c.obj
 *fill*         0x100073bf        0x1 
 .rodata.__func__.0
                0x100073c0        0x9 CMakeFiles/LEDPWMSTRIP.dir/C_/VSARM/sdk/pico/pico-sdk/src/rp2_common/hardware_pll/pll.c.obj
 *fill*         0x100073c9        0x3 
 .rodata._ftoa.str1.4
                0x100073cc       0x15 CMakeFiles/LEDPWMSTRIP.dir/C_/VSARM/sdk/pico/pico-sdk/src/rp2_common/pico_printf/printf.c.obj
 *fill*         0x100073e1        0x3 
 .rodata._vsnprintf
                0x100073e4      0x1e0 CMakeFiles/LEDPWMSTRIP.dir/C_/VSARM/sdk/pico/pico-sdk/src/rp2_common/pico_printf/printf.c.obj
 *fill*         0x100075c4        0x4 
 .rodata.pow10.0
                0x100075c8       0x50 CMakeFiles/LEDPWMSTRIP.dir/C_/VSARM/sdk/pico/pico-sdk/src/rp2_common/pico_printf/printf.c.obj
 .rodata.__aeabi_double_init.str1.4
                0x10007618       0xa8 CMakeFiles/LEDPWMSTRIP.dir/C_/VSARM/sdk/pico/pico-sdk/src/rp2_common/pico_double/double_init_rom.c.obj
 .rodata.__func__.0
                0x100076c0       0x14 CMakeFiles/LEDPWMSTRIP.dir/C_/VSARM/sdk/pico/pico-sdk/src/rp2_common/pico_double/double_init_rom.c.obj
 .rodata.__aeabi_float_init.str1.4
                0x100076d4       0x7a CMakeFiles/LEDPWMSTRIP.dir/C_/VSARM/sdk/pico/pico-sdk/src/rp2_common/pico_float/float_init_rom.c.obj
                                 0x7e (size before relaxing)
 *fill*         0x1000774e        0x2 
 .rodata.__func__.0
                0x10007750       0x13 CMakeFiles/LEDPWMSTRIP.dir/C_/VSARM/sdk/pico/pico-sdk/src/rp2_common/pico_float/float_init_rom.c.obj
 *fill*         0x10007763        0x1 
 .rodata.str1.4
                0x10007764       0x44 CMakeFiles/LEDPWMSTRIP.dir/C_/VSARM/sdk/pico/pico-sdk/src/rp2_common/pico_standard_link/binary_info.c.obj
 .rodata.__bi_44
                0x100077a8        0xc CMakeFiles/LEDPWMSTRIP.dir/C_/VSARM/sdk/pico/pico-sdk/src/rp2_common/pico_standard_link/binary_info.c.obj
 .rodata.__bi_56
                0x100077b4        0xc CMakeFiles/LEDPWMSTRIP.dir/C_/VSARM/sdk/pico/pico-sdk/src/rp2_common/pico_standard_link/binary_info.c.obj
 .rodata.__bi_75
                0x100077c0        0xc CMakeFiles/LEDPWMSTRIP.dir/C_/VSARM/sdk/pico/pico-sdk/src/rp2_common/pico_standard_link/binary_info.c.obj
 .rodata.__bi_81
                0x100077cc        0xc CMakeFiles/LEDPWMSTRIP.dir/C_/VSARM/sdk/pico/pico-sdk/src/rp2_common/pico_standard_link/binary_info.c.obj
 .rodata.crlf_str.3
                0x100077d8        0x2 CMakeFiles/LEDPWMSTRIP.dir/C_/VSARM/sdk/pico/pico-sdk/src/rp2_common/pico_stdio/stdio.c.obj
 *fill*         0x100077da        0x2 
 .rodata._pio_find_offset_for_program.str1.4
                0x100077dc       0x69 CMakeFiles/LEDPWMSTRIP.dir/C_/VSARM/sdk/pico/pico-sdk/src/rp2_common/hardware_pio/pio.c.obj
 *fill*         0x10007845        0x3 
 .rodata._pio_add_program_at_offset.str1.4
                0x10007848       0x11 CMakeFiles/LEDPWMSTRIP.dir/C_/VSARM/sdk/pico/pico-sdk/src/rp2_common/hardware_pio/pio.c.obj
 *fill*         0x10007859        0x3 
 .rodata.__func__.1
                0x1000785c       0x1d CMakeFiles/LEDPWMSTRIP.dir/C_/VSARM/sdk/pico/pico-sdk/src/rp2_common/hardware_pio/pio.c.obj
 *fill*         0x10007879        0x3 
 .rodata._hw_endpoint_alloc.str1.4
                0x1000787c       0xb5 CMakeFiles/LEDPWMSTRIP.dir/C_/VSARM/sdk/pico/pico-sdk/lib/tinyusb/src/portable/raspberrypi/rp2040/dcd_rp2040.c.obj
 *fill*         0x10007931        0x3 
 .rodata._hw_endpoint_init.str1.4
                0x10007934       0x28 CMakeFiles/LEDPWMSTRIP.dir/C_/VSARM/sdk/pico/pico-sdk/lib/tinyusb/src/portable/raspberrypi/rp2040/dcd_rp2040.c.obj
 .rodata.hw_handle_buff_status.str1.4
                0x1000795c        0xb CMakeFiles/LEDPWMSTRIP.dir/C_/VSARM/sdk/pico/pico-sdk/lib/tinyusb/src/portable/raspberrypi/rp2040/dcd_rp2040.c.obj
 *fill*         0x10007967        0x1 
 .rodata.dcd_rp2040_irq.str1.4
                0x10007968       0x14 CMakeFiles/LEDPWMSTRIP.dir/C_/VSARM/sdk/pico/pico-sdk/lib/tinyusb/src/portable/raspberrypi/rp2040/dcd_rp2040.c.obj
 .rodata._hw_endpoint_stall.str1.4
                0x1000797c        0xd CMakeFiles/LEDPWMSTRIP.dir/C_/VSARM/sdk/pico/pico-sdk/lib/tinyusb/src/portable/raspberrypi/rp2040/dcd_rp2040.c.obj
 *fill*         0x10007989        0x3 
 .rodata.dcd_int_enable.str1.4
                0x1000798c        0xc CMakeFiles/LEDPWMSTRIP.dir/C_/VSARM/sdk/pico/pico-sdk/lib/tinyusb/src/portable/raspberrypi/rp2040/dcd_rp2040.c.obj
 .rodata.__func__.0
                0x10007998       0x15 CMakeFiles/LEDPWMSTRIP.dir/C_/VSARM/sdk/pico/pico-sdk/lib/tinyusb/src/portable/raspberrypi/rp2040/dcd_rp2040.c.obj
 *fill*         0x100079ad        0x3 
 .rodata.__func__.1
                0x100079b0       0x13 CMakeFiles/LEDPWMSTRIP.dir/C_/VSARM/sdk/pico/pico-sdk/lib/tinyusb/src/portable/raspberrypi/rp2040/dcd_rp2040.c.obj
 *fill*         0x100079c3        0x1 
 .rodata.__func__.11
                0x100079c4        0xf CMakeFiles/LEDPWMSTRIP.dir/C_/VSARM/sdk/pico/pico-sdk/lib/tinyusb/src/portable/raspberrypi/rp2040/dcd_rp2040.c.obj
 *fill*         0x100079d3        0x1 
 .rodata.__func__.12
                0x100079d4       0x13 CMakeFiles/LEDPWMSTRIP.dir/C_/VSARM/sdk/pico/pico-sdk/lib/tinyusb/src/portable/raspberrypi/rp2040/dcd_rp2040.c.obj
 *fill*         0x100079e7        0x1 
 .rodata.__func__.13
                0x100079e8       0x16 CMakeFiles/LEDPWMSTRIP.dir/C_/VSARM/sdk/pico/pico-sdk/lib/tinyusb/src/portable/raspberrypi/rp2040/dcd_rp2040.c.obj
 *fill*         0x100079fe        0x2 
 .rodata.__func__.14
                0x10007a00        0x9 CMakeFiles/LEDPWMSTRIP.dir/C_/VSARM/sdk/pico/pico-sdk/lib/tinyusb/src/portable/raspberrypi/rp2040/dcd_rp2040.c.obj
 *fill*         0x10007a09        0x3 
 .rodata.__func__.2
                0x10007a0c        0xf CMakeFiles/LEDPWMSTRIP.dir/C_/VSARM/sdk/pico/pico-sdk/lib/tinyusb/src/portable/raspberrypi/rp2040/dcd_rp2040.c.obj
 *fill*         0x10007a1b        0x1 
 .rodata.__func__.3
                0x10007a1c        0xe CMakeFiles/LEDPWMSTRIP.dir/C_/VSARM/sdk/pico/pico-sdk/lib/tinyusb/src/portable/raspberrypi/rp2040/dcd_rp2040.c.obj
 *fill*         0x10007a2a        0x2 
 .rodata.__func__.4
                0x10007a2c        0xe CMakeFiles/LEDPWMSTRIP.dir/C_/VSARM/sdk/pico/pico-sdk/lib/tinyusb/src/portable/raspberrypi/rp2040/dcd_rp2040.c.obj
 *fill*         0x10007a3a        0x2 
 .rodata.__func__.5
                0x10007a3c       0x1a CMakeFiles/LEDPWMSTRIP.dir/C_/VSARM/sdk/pico/pico-sdk/lib/tinyusb/src/portable/raspberrypi/rp2040/dcd_rp2040.c.obj
 *fill*         0x10007a56        0x2 
 .rodata.__func__.6
                0x10007a58        0xc CMakeFiles/LEDPWMSTRIP.dir/C_/VSARM/sdk/pico/pico-sdk/lib/tinyusb/src/portable/raspberrypi/rp2040/dcd_rp2040.c.obj
 .rodata.__func__.9
                0x10007a64       0x10 CMakeFiles/LEDPWMSTRIP.dir/C_/VSARM/sdk/pico/pico-sdk/lib/tinyusb/src/portable/raspberrypi/rp2040/dcd_rp2040.c.obj
 .rodata._hw_endpoint_buffer_control_update32.str1.4
                0x10007a74       0x1f CMakeFiles/LEDPWMSTRIP.dir/C_/VSARM/sdk/pico/pico-sdk/lib/tinyusb/src/portable/raspberrypi/rp2040/rp2040_usb.c.obj
 *fill*         0x10007a93        0x1 
 .rodata._hw_endpoint_xfer_sync.str1.4
                0x10007a94       0x91 CMakeFiles/LEDPWMSTRIP.dir/C_/VSARM/sdk/pico/pico-sdk/lib/tinyusb/src/portable/raspberrypi/rp2040/rp2040_usb.c.obj
 *fill*         0x10007b25        0x3 
 .rodata._hw_endpoint_xfer_continue.str1.4
                0x10007b28       0x50 CMakeFiles/LEDPWMSTRIP.dir/C_/VSARM/sdk/pico/pico-sdk/lib/tinyusb/src/portable/raspberrypi/rp2040/rp2040_usb.c.obj
 .rodata._hw_endpoint_xfer.str1.4
                0x10007b78        0xf CMakeFiles/LEDPWMSTRIP.dir/C_/VSARM/sdk/pico/pico-sdk/lib/tinyusb/src/portable/raspberrypi/rp2040/rp2040_usb.c.obj
 *fill*         0x10007b87        0x1 
 .rodata.str1.4
                0x10007b88        0x7 CMakeFiles/LEDPWMSTRIP.dir/C_/VSARM/sdk/pico/pico-sdk/lib/tinyusb/src/portable/raspberrypi/rp2040/rp2040_usb.c.obj
 *fill*         0x10007b8f        0x1 
 .rodata.__func__.0
                0x10007b90       0x12 CMakeFiles/LEDPWMSTRIP.dir/C_/VSARM/sdk/pico/pico-sdk/lib/tinyusb/src/portable/raspberrypi/rp2040/rp2040_usb.c.obj
 *fill*         0x10007ba2        0x2 
 .rodata.__func__.1
                0x10007ba4       0x17 CMakeFiles/LEDPWMSTRIP.dir/C_/VSARM/sdk/pico/pico-sdk/lib/tinyusb/src/portable/raspberrypi/rp2040/rp2040_usb.c.obj
 *fill*         0x10007bbb        0x1 
 .rodata.process_set_config.str1.4
                0x10007bbc       0x17 CMakeFiles/LEDPWMSTRIP.dir/C_/VSARM/sdk/pico/pico-sdk/lib/tinyusb/src/device/usbd.c.obj
 *fill*         0x10007bd3        0x1 
 .rodata.process_get_descriptor
                0x10007bd4       0x40 CMakeFiles/LEDPWMSTRIP.dir/C_/VSARM/sdk/pico/pico-sdk/lib/tinyusb/src/device/usbd.c.obj
 .rodata.process_control_request
                0x10007c14       0x28 CMakeFiles/LEDPWMSTRIP.dir/C_/VSARM/sdk/pico/pico-sdk/lib/tinyusb/src/device/usbd.c.obj
 .rodata.tud_task
                0x10007c3c       0x24 CMakeFiles/LEDPWMSTRIP.dir/C_/VSARM/sdk/pico/pico-sdk/lib/tinyusb/src/device/usbd.c.obj
 .rodata.__func__.2
                0x10007c60        0xf CMakeFiles/LEDPWMSTRIP.dir/C_/VSARM/sdk/pico/pico-sdk/lib/tinyusb/src/device/usbd.c.obj
 *fill*         0x10007c6f        0x1 
 .rodata.__func__.3
                0x10007c70        0xf CMakeFiles/LEDPWMSTRIP.dir/C_/VSARM/sdk/pico/pico-sdk/lib/tinyusb/src/device/usbd.c.obj
 *fill*         0x10007c7f        0x1 
 .rodata.__func__.4
                0x10007c80       0x14 CMakeFiles/LEDPWMSTRIP.dir/C_/VSARM/sdk/pico/pico-sdk/lib/tinyusb/src/device/usbd.c.obj
 .rodata.__func__.5
                0x10007c94       0x10 CMakeFiles/LEDPWMSTRIP.dir/C_/VSARM/sdk/pico/pico-sdk/lib/tinyusb/src/device/usbd.c.obj
 .rodata.__func__.6
                0x10007ca4       0x17 CMakeFiles/LEDPWMSTRIP.dir/C_/VSARM/sdk/pico/pico-sdk/lib/tinyusb/src/device/usbd.c.obj
 *fill*         0x10007cbb        0x1 
 .rodata.__func__.7
                0x10007cbc       0x13 CMakeFiles/LEDPWMSTRIP.dir/C_/VSARM/sdk/pico/pico-sdk/lib/tinyusb/src/device/usbd.c.obj
 *fill*         0x10007ccf        0x1 
 .rodata.__func__.8
                0x10007cd0       0x18 CMakeFiles/LEDPWMSTRIP.dir/C_/VSARM/sdk/pico/pico-sdk/lib/tinyusb/src/device/usbd.c.obj
 .rodata.__func__.9
                0x10007ce8        0x9 CMakeFiles/LEDPWMSTRIP.dir/C_/VSARM/sdk/pico/pico-sdk/lib/tinyusb/src/device/usbd.c.obj
 *fill*         0x10007cf1        0x3 
 .rodata._usbd_driver
                0x10007cf4       0x18 CMakeFiles/LEDPWMSTRIP.dir/C_/VSARM/sdk/pico/pico-sdk/lib/tinyusb/src/device/usbd.c.obj
 .rodata.tud_control_xfer.str1.4
                0x10007d0c       0x17 CMakeFiles/LEDPWMSTRIP.dir/C_/VSARM/sdk/pico/pico-sdk/lib/tinyusb/src/device/usbd_control.c.obj
 .rodata.__func__.0
                0x10007d0c       0x15 CMakeFiles/LEDPWMSTRIP.dir/C_/VSARM/sdk/pico/pico-sdk/lib/tinyusb/src/device/usbd_control.c.obj
 *fill*         0x10007d21        0x3 
 .rodata.__func__.1
                0x10007d24       0x11 CMakeFiles/LEDPWMSTRIP.dir/C_/VSARM/sdk/pico/pico-sdk/lib/tinyusb/src/device/usbd_control.c.obj
 *fill*         0x10007d35        0x3 
 .rodata.hidd_open.str1.4
                0x10007d38       0x11 CMakeFiles/LEDPWMSTRIP.dir/C_/VSARM/sdk/pico/pico-sdk/lib/tinyusb/src/class/hid/hid_device.c.obj
                                 0x29 (size before relaxing)
 *fill*         0x10007d49        0x3 
 .rodata.hidd_control_xfer_cb
                0x10007d4c       0x30 CMakeFiles/LEDPWMSTRIP.dir/C_/VSARM/sdk/pico/pico-sdk/lib/tinyusb/src/class/hid/hid_device.c.obj
 .rodata.__PRETTY_FUNCTION__.2
                0x10007d7c        0xa CMakeFiles/LEDPWMSTRIP.dir/C_/VSARM/sdk/pico/pico-sdk/lib/tinyusb/src/class/hid/hid_device.c.obj
 *fill*         0x10007d86        0x2 
 .rodata.__func__.0
                0x10007d88        0xd CMakeFiles/LEDPWMSTRIP.dir/C_/VSARM/sdk/pico/pico-sdk/lib/tinyusb/src/class/hid/hid_device.c.obj
 *fill*         0x10007d95        0x3 
 .rodata.__func__.1
                0x10007d98       0x15 CMakeFiles/LEDPWMSTRIP.dir/C_/VSARM/sdk/pico/pico-sdk/lib/tinyusb/src/class/hid/hid_device.c.obj
 *fill*         0x10007dad        0x3 
 .rodata.__func__.3
                0x10007db0        0xa CMakeFiles/LEDPWMSTRIP.dir/C_/VSARM/sdk/pico/pico-sdk/lib/tinyusb/src/class/hid/hid_device.c.obj
 .rodata.tusb_init.str1.4
                0x10007dba       0x17 CMakeFiles/LEDPWMSTRIP.dir/C_/VSARM/sdk/pico/pico-sdk/lib/tinyusb/src/tusb.c.obj
 *fill*         0x10007dba        0x2 
 .rodata.__func__.0
                0x10007dbc        0xa CMakeFiles/LEDPWMSTRIP.dir/C_/VSARM/sdk/pico/pico-sdk/lib/tinyusb/src/tusb.c.obj
 *fill*         0x10007dc6        0x2 
 .rodata.str1.4
                0x10007dc8        0x4 CMakeFiles/LEDPWMSTRIP.dir/C_/VSARM/sdk/pico/pico-sdk/lib/tinyusb/hw/bsp/rp2040/family.c.obj
 .rodata.__bi_121.0
                0x10007dcc        0xc CMakeFiles/LEDPWMSTRIP.dir/C_/VSARM/sdk/pico/pico-sdk/lib/tinyusb/hw/bsp/rp2040/family.c.obj
                0x10007dd8                . = ALIGN (0x4)
 *(SORT_BY_ALIGNMENT(SORT_BY_NAME(.flashdata*)))
                0x10007dd8                . = ALIGN (0x4)

.rel.dyn        0x10007dd8        0x0
 .rel.iplt      0x10007dd8        0x0 c:/progra~2/gnuarm~1/102020~1/bin/../lib/gcc/arm-none-eabi/10.2.1/thumb/v6-m/nofp/crtbegin.o

.ARM.extab
 *(.ARM.extab* .gnu.linkonce.armextab.*)
                0x10007dd8                __exidx_start = .

.ARM.exidx
 *(.ARM.exidx* .gnu.linkonce.armexidx.*)
                0x10007dd8                __exidx_end = .
                0x10007dd8                . = ALIGN (0x4)
                0x10007dd8                __binary_info_start = .

.binary_info    0x10007dd8       0x24
 *(.binary_info.keep.*)
 .binary_info.keep.__bi_ptr22
                0x10007dd8        0x4 CMakeFiles/LEDPWMSTRIP.dir/C_/VSARM/sdk/pico/pico-sdk/src/rp2_common/pico_standard_link/binary_info.c.obj
 .binary_info.keep.__bi_ptr30
                0x10007ddc        0x4 CMakeFiles/LEDPWMSTRIP.dir/C_/VSARM/sdk/pico/pico-sdk/src/rp2_common/pico_standard_link/binary_info.c.obj
 .binary_info.keep.__bi_ptr38
                0x10007de0        0x4 CMakeFiles/LEDPWMSTRIP.dir/C_/VSARM/sdk/pico/pico-sdk/src/rp2_common/pico_standard_link/binary_info.c.obj
 .binary_info.keep.__bi_ptr44
                0x10007de4        0x4 CMakeFiles/LEDPWMSTRIP.dir/C_/VSARM/sdk/pico/pico-sdk/src/rp2_common/pico_standard_link/binary_info.c.obj
 .binary_info.keep.__bi_ptr50
                0x10007de8        0x4 CMakeFiles/LEDPWMSTRIP.dir/C_/VSARM/sdk/pico/pico-sdk/src/rp2_common/pico_standard_link/binary_info.c.obj
 .binary_info.keep.__bi_ptr56
                0x10007dec        0x4 CMakeFiles/LEDPWMSTRIP.dir/C_/VSARM/sdk/pico/pico-sdk/src/rp2_common/pico_standard_link/binary_info.c.obj
 .binary_info.keep.__bi_ptr75
                0x10007df0        0x4 CMakeFiles/LEDPWMSTRIP.dir/C_/VSARM/sdk/pico/pico-sdk/src/rp2_common/pico_standard_link/binary_info.c.obj
 .binary_info.keep.__bi_ptr81
                0x10007df4        0x4 CMakeFiles/LEDPWMSTRIP.dir/C_/VSARM/sdk/pico/pico-sdk/src/rp2_common/pico_standard_link/binary_info.c.obj
 .binary_info.keep.__bi_ptr121
                0x10007df8        0x4 CMakeFiles/LEDPWMSTRIP.dir/C_/VSARM/sdk/pico/pico-sdk/lib/tinyusb/hw/bsp/rp2040/family.c.obj
 *(.binary_info.*)
                0x10007dfc                __binary_info_end = .
                0x10007dfc                . = ALIGN (0x4)
                0x10007dfc                __etext = .

.ram_vector_table
                0x20000000       0xc0
 *(.ram_vector_table)
 .ram_vector_table
                0x20000000       0xc0 CMakeFiles/LEDPWMSTRIP.dir/C_/VSARM/sdk/pico/pico-sdk/src/rp2_common/pico_runtime/runtime.c.obj
                0x20000000                ram_vector_table

.data           0x200000c0      0x3d0 load address 0x10007dfc
                0x200000c0                __data_start__ = .
 *(vtable)
 *(.time_critical*)
 .time_critical.mutex_enter_blocking
                0x200000c0       0x94 CMakeFiles/LEDPWMSTRIP.dir/C_/VSARM/sdk/pico/pico-sdk/src/common/pico_sync/mutex.c.obj
                0x200000c0                mutex_enter_blocking
 .time_critical.mutex_try_enter
                0x20000154       0x5a CMakeFiles/LEDPWMSTRIP.dir/C_/VSARM/sdk/pico/pico-sdk/src/common/pico_sync/mutex.c.obj
                0x20000154                mutex_try_enter
 *fill*         0x200001ae        0x2 
 .time_critical.mutex_enter_block_until
                0x200001b0       0x8c CMakeFiles/LEDPWMSTRIP.dir/C_/VSARM/sdk/pico/pico-sdk/src/common/pico_sync/mutex.c.obj
                0x200001b0                mutex_enter_block_until
 .time_critical.mutex_enter_timeout_ms
                0x2000023c       0x74 CMakeFiles/LEDPWMSTRIP.dir/C_/VSARM/sdk/pico/pico-sdk/src/common/pico_sync/mutex.c.obj
                0x2000023c                mutex_enter_timeout_ms
 .time_critical.mutex_exit
                0x200002b0       0x94 CMakeFiles/LEDPWMSTRIP.dir/C_/VSARM/sdk/pico/pico-sdk/src/common/pico_sync/mutex.c.obj
                0x200002b0                mutex_exit
 *(.text*)
 .text          0x20000344        0x4 c:/progra~2/gnuarm~1/102020~1/bin/../lib/gcc/arm-none-eabi/10.2.1/thumb/v6-m/nofp\libgcc.a(_dvmd_tls.o)
                0x20000344                __aeabi_idiv0
                0x20000344                __aeabi_ldiv0
 .text.__stub   0x20000348       0x40 linker stubs
                0x20000388                . = ALIGN (0x4)
 *(.rodata*)
                0x20000388                . = ALIGN (0x4)
 *(.data*)
 .data.level_b  0x20000388        0x4 CMakeFiles/LEDPWMSTRIP.dir/main.c.obj
                0x20000388                level_b
 .data.level_g  0x2000038c        0x4 CMakeFiles/LEDPWMSTRIP.dir/main.c.obj
                0x2000038c                level_g
 .data.usb_state
                0x20000390        0x1 CMakeFiles/LEDPWMSTRIP.dir/main.c.obj
                0x20000390                usb_state
 *fill*         0x20000391        0x3 
 .data.string_desc_arr
                0x20000394       0x10 CMakeFiles/LEDPWMSTRIP.dir/usb_descriptors.c.obj
                0x20000394                string_desc_arr
 .data.striped_spin_lock_num
                0x200003a4        0x1 CMakeFiles/LEDPWMSTRIP.dir/C_/VSARM/sdk/pico/pico-sdk/src/rp2_common/hardware_sync/sync.c.obj
 *fill*         0x200003a5        0x3 
 .data.default_alarm_pool
                0x200003a8       0x18 CMakeFiles/LEDPWMSTRIP.dir/C_/VSARM/sdk/pico/pico-sdk/src/common/pico_time/time.c.obj
 .data.default_alarm_pool_heap
                0x200003c0       0x10 CMakeFiles/LEDPWMSTRIP.dir/C_/VSARM/sdk/pico/pico-sdk/src/common/pico_time/time.c.obj
 .data          0x200003d0       0x48 CMakeFiles/LEDPWMSTRIP.dir/C_/VSARM/sdk/pico/pico-sdk/src/rp2_common/hardware_irq/irq_handler_chain.S.obj
                0x200003d0                irq_handler_chain_slots
                0x20000400                irq_handler_chain_first_slot
                0x2000040a                irq_handler_chain_remove_tail
 *fill*         0x20000418        0x8 
 .data.aeabi_bits_funcs
                0x20000420       0x10 CMakeFiles/LEDPWMSTRIP.dir/C_/VSARM/sdk/pico/pico-sdk/src/rp2_common/pico_bit_ops/bit_ops_aeabi.S.obj
                0x20000420                aeabi_bits_funcs
                0x20000430                aeabi_bits_funcs_end
 .data.aeabi_mem_funcs
                0x20000430       0x10 CMakeFiles/LEDPWMSTRIP.dir/C_/VSARM/sdk/pico/pico-sdk/src/rp2_common/pico_mem_ops/mem_ops_aeabi.S.obj
                0x20000430                aeabi_mem_funcs
                0x20000440                aeabi_mem_funcs_end
 .data.ep_dir_string
                0x20000440        0x8 CMakeFiles/LEDPWMSTRIP.dir/C_/VSARM/sdk/pico/pico-sdk/lib/tinyusb/src/portable/raspberrypi/rp2040/rp2040_usb.c.obj
                0x20000440                ep_dir_string
 .data._usbd_qdef
                0x20000448       0x24 CMakeFiles/LEDPWMSTRIP.dir/C_/VSARM/sdk/pico/pico-sdk/lib/tinyusb/src/device/usbd.c.obj
                0x20000448                _usbd_qdef
                0x2000046c                . = ALIGN (0x4)
 *(.after_data.*)
                0x2000046c                . = ALIGN (0x4)
                0x2000046c                PROVIDE (__mutex_array_start = .)
 *(SORT_BY_NAME(.mutex_array.*))
 *(.mutex_array)
 .mutex_array   0x2000046c        0x8 CMakeFiles/LEDPWMSTRIP.dir/C_/VSARM/sdk/pico/pico-sdk/src/rp2_common/pico_malloc/pico_malloc.c.obj
 .mutex_array   0x20000474        0x8 CMakeFiles/LEDPWMSTRIP.dir/C_/VSARM/sdk/pico/pico-sdk/src/rp2_common/pico_stdio/stdio.c.obj
                0x2000047c                PROVIDE (__mutex_array_end = .)
                0x2000047c                . = ALIGN (0x4)
                0x2000047c                PROVIDE (__preinit_array_start = .)
 *(SORT_BY_NAME(.preinit_array.*))
 .preinit_array.00001
                0x2000047c        0x4 CMakeFiles/LEDPWMSTRIP.dir/C_/VSARM/sdk/pico/pico-sdk/src/rp2_common/pico_mem_ops/mem_ops_aeabi.S.obj
 .preinit_array.00010
                0x20000480        0x4 CMakeFiles/LEDPWMSTRIP.dir/C_/VSARM/sdk/pico/pico-sdk/src/rp2_common/pico_bit_ops/bit_ops_aeabi.S.obj
 .preinit_array.00020
                0x20000484        0x4 CMakeFiles/LEDPWMSTRIP.dir/C_/VSARM/sdk/pico/pico-sdk/src/rp2_common/pico_double/double_aeabi.S.obj
 .preinit_array.00020
                0x20000488        0x4 CMakeFiles/LEDPWMSTRIP.dir/C_/VSARM/sdk/pico/pico-sdk/src/rp2_common/pico_float/float_aeabi.S.obj
 *(.preinit_array)
                0x2000048c                PROVIDE (__preinit_array_end = .)
                0x2000048c                . = ALIGN (0x4)
                0x2000048c                PROVIDE (__init_array_start = .)
 *(SORT_BY_NAME(.init_array.*))
 *(.init_array)
 .init_array    0x2000048c        0x4 c:/progra~2/gnuarm~1/102020~1/bin/../lib/gcc/arm-none-eabi/10.2.1/thumb/v6-m/nofp/crtbegin.o
                0x20000490                PROVIDE (__init_array_end = .)
                0x20000490                . = ALIGN (0x4)
                [!provide]                PROVIDE (__fini_array_start = .)
 *(SORT_BY_NAME(.fini_array.*))
 *(.fini_array)
                [!provide]                PROVIDE (__fini_array_end = .)
 *(.jcr)
                0x20000490                . = ALIGN (0x4)
                0x20000490                __data_end__ = .

.igot.plt       0x20000490        0x0 load address 0x100081cc
 .igot.plt      0x20000490        0x0 c:/progra~2/gnuarm~1/102020~1/bin/../lib/gcc/arm-none-eabi/10.2.1/thumb/v6-m/nofp/crtbegin.o

.uninitialized_data
                0x20000490        0x0 load address 0x100081cc
                0x20000490                . = ALIGN (0x4)
 *(.uninitialized_data*)

.scratch_x      0x20040000        0x0 load address 0x100081cc
                0x20040000                __scratch_x_start__ = .
 *(.scratch_x.*)
                0x20040000                . = ALIGN (0x4)
                0x20040000                __scratch_x_end__ = .
                0x100081cc                __scratch_x_source__ = LOADADDR (.scratch_x)

.scratch_y      0x20041000        0x0 load address 0x100081cc
                0x20041000                __scratch_y_start__ = .
 *(.scratch_y.*)
                0x20041000                . = ALIGN (0x4)
                0x20041000                __scratch_y_end__ = .
                0x100081cc                __scratch_y_source__ = LOADADDR (.scratch_y)

.bss            0x20000490      0xa0c
                0x20000490                . = ALIGN (0x4)
                0x20000490                __bss_start__ = .
 *(SORT_BY_ALIGNMENT(SORT_BY_NAME(.bss*)))
 .bss.default_alarm_pool_entries
                0x20000490      0x100 CMakeFiles/LEDPWMSTRIP.dir/C_/VSARM/sdk/pico/pico-sdk/src/common/pico_time/time.c.obj
 .bss           0x20000590       0x1c c:/progra~2/gnuarm~1/102020~1/bin/../lib/gcc/arm-none-eabi/10.2.1/thumb/v6-m/nofp/crtbegin.o
 .bss._app_driver
                0x200005ac        0x4 CMakeFiles/LEDPWMSTRIP.dir/C_/VSARM/sdk/pico/pico-sdk/lib/tinyusb/src/device/usbd.c.obj
 .bss._ctrl_xfer
                0x200005b0       0x14 CMakeFiles/LEDPWMSTRIP.dir/C_/VSARM/sdk/pico/pico-sdk/lib/tinyusb/src/device/usbd_control.c.obj
 .bss._desc_str
                0x200005c4       0x40 CMakeFiles/LEDPWMSTRIP.dir/usb_descriptors.c.obj
 .bss._hidd_itf
                0x20000604       0x8c CMakeFiles/LEDPWMSTRIP.dir/C_/VSARM/sdk/pico/pico-sdk/lib/tinyusb/src/class/hid/hid_device.c.obj
 .bss._ubsd_mutexdef
                0x20000690        0x8 CMakeFiles/LEDPWMSTRIP.dir/C_/VSARM/sdk/pico/pico-sdk/lib/tinyusb/src/device/usbd.c.obj
 .bss._usbd_ctrl_buf
                0x20000698       0x40 CMakeFiles/LEDPWMSTRIP.dir/C_/VSARM/sdk/pico/pico-sdk/lib/tinyusb/src/device/usbd_control.c.obj
 .bss._usbd_dev
                0x200006d8       0x37 CMakeFiles/LEDPWMSTRIP.dir/C_/VSARM/sdk/pico/pico-sdk/lib/tinyusb/src/device/usbd.c.obj
 *fill*         0x2000070f        0x1 
 .bss._usbd_mutex
                0x20000710        0x4 CMakeFiles/LEDPWMSTRIP.dir/C_/VSARM/sdk/pico/pico-sdk/lib/tinyusb/src/device/usbd.c.obj
 .bss._usbd_q   0x20000714        0x4 CMakeFiles/LEDPWMSTRIP.dir/C_/VSARM/sdk/pico/pico-sdk/lib/tinyusb/src/device/usbd.c.obj
 .bss._usbd_qdef_buf
                0x20000718       0xc0 CMakeFiles/LEDPWMSTRIP.dir/C_/VSARM/sdk/pico/pico-sdk/lib/tinyusb/src/device/usbd.c.obj
                0x20000718                _usbd_qdef_buf
 .bss._used_instruction_space
                0x200007d8        0x8 CMakeFiles/LEDPWMSTRIP.dir/C_/VSARM/sdk/pico/pico-sdk/src/rp2_common/hardware_pio/pio.c.obj
 .bss.alarm_callbacks
                0x200007e0       0x10 CMakeFiles/LEDPWMSTRIP.dir/C_/VSARM/sdk/pico/pico-sdk/src/rp2_common/hardware_timer/timer.c.obj
 .bss.claimed   0x200007f0        0x4 CMakeFiles/LEDPWMSTRIP.dir/C_/VSARM/sdk/pico/pico-sdk/src/rp2_common/hardware_sync/sync.c.obj
 .bss.configured_freq
                0x200007f4       0x28 CMakeFiles/LEDPWMSTRIP.dir/C_/VSARM/sdk/pico/pico-sdk/src/rp2_common/hardware_clocks/clocks.c.obj
 .bss.default_alarm_pool_entry_ids_high
                0x2000081c       0x10 CMakeFiles/LEDPWMSTRIP.dir/C_/VSARM/sdk/pico/pico-sdk/src/common/pico_time/time.c.obj
 .bss.default_alarm_pool_heap_nodes
                0x2000082c       0x30 CMakeFiles/LEDPWMSTRIP.dir/C_/VSARM/sdk/pico/pico-sdk/src/common/pico_time/time.c.obj
 .bss.drivers   0x2000085c        0x4 CMakeFiles/LEDPWMSTRIP.dir/C_/VSARM/sdk/pico/pico-sdk/src/rp2_common/pico_stdio/stdio.c.obj
 .bss.filter    0x20000860        0x4 CMakeFiles/LEDPWMSTRIP.dir/C_/VSARM/sdk/pico/pico-sdk/src/rp2_common/pico_stdio/stdio.c.obj
 .bss.hw_endpoints
                0x20000864      0x400 CMakeFiles/LEDPWMSTRIP.dir/C_/VSARM/sdk/pico/pico-sdk/lib/tinyusb/src/portable/raspberrypi/rp2040/dcd_rp2040.c.obj
 .bss.level_r   0x20000c64        0x4 CMakeFiles/LEDPWMSTRIP.dir/main.c.obj
                0x20000c64                level_r
 .bss.next_buffer_ptr
                0x20000c68        0x4 CMakeFiles/LEDPWMSTRIP.dir/C_/VSARM/sdk/pico/pico-sdk/lib/tinyusb/src/portable/raspberrypi/rp2040/dcd_rp2040.c.obj
 .bss.pools     0x20000c6c       0x10 CMakeFiles/LEDPWMSTRIP.dir/C_/VSARM/sdk/pico/pico-sdk/src/common/pico_time/time.c.obj
 .bss.sd_table  0x20000c7c      0x100 CMakeFiles/LEDPWMSTRIP.dir/C_/VSARM/sdk/pico/pico-sdk/src/rp2_common/pico_double/double_init_rom.c.obj
                0x20000c7c                sd_table
 .bss.sf_clz_func
                0x20000d7c        0x4 CMakeFiles/LEDPWMSTRIP.dir/C_/VSARM/sdk/pico/pico-sdk/src/rp2_common/pico_float/float_init_rom.c.obj
                0x20000d7c                sf_clz_func
 .bss.sf_table  0x20000d80      0x100 CMakeFiles/LEDPWMSTRIP.dir/C_/VSARM/sdk/pico/pico-sdk/src/rp2_common/pico_float/float_init_rom.c.obj
                0x20000d80                sf_table
 .bss.sleep_notifier
                0x20000e80        0x4 CMakeFiles/LEDPWMSTRIP.dir/C_/VSARM/sdk/pico/pico-sdk/src/common/pico_time/time.c.obj
 .bss.target_hi
                0x20000e84       0x10 CMakeFiles/LEDPWMSTRIP.dir/C_/VSARM/sdk/pico/pico-sdk/src/rp2_common/hardware_timer/timer.c.obj
 .bss._app_driver_count
                0x20000e94        0x1 CMakeFiles/LEDPWMSTRIP.dir/C_/VSARM/sdk/pico/pico-sdk/lib/tinyusb/src/device/usbd.c.obj
 .bss._usbd_initialized
                0x20000e95        0x1 CMakeFiles/LEDPWMSTRIP.dir/C_/VSARM/sdk/pico/pico-sdk/lib/tinyusb/src/device/usbd.c.obj
 .bss.claimed   0x20000e96        0x1 CMakeFiles/LEDPWMSTRIP.dir/C_/VSARM/sdk/pico/pico-sdk/src/rp2_common/hardware_timer/timer.c.obj
 .bss.irq_hander_chain_free_slot_head
                0x20000e97        0x1 CMakeFiles/LEDPWMSTRIP.dir/C_/VSARM/sdk/pico/pico-sdk/src/rp2_common/hardware_irq/irq.c.obj
 .bss.reset     0x20000e98        0x1 CMakeFiles/LEDPWMSTRIP.dir/main.c.obj
                0x20000e98                reset
 .bss.timer_callbacks_pending
                0x20000e99        0x1 CMakeFiles/LEDPWMSTRIP.dir/C_/VSARM/sdk/pico/pico-sdk/src/rp2_common/hardware_timer/timer.c.obj
 *(COMMON)
                0x20000e9c                . = ALIGN (0x4)
 *fill*         0x20000e9a        0x2 
                0x20000e9c                __bss_end__ = .

.heap           0x20000e9c      0x800
                0x20000e9c                __end__ = .
                0x20000e9c                end = __end__
 *(.heap*)
 .heap          0x20000e9c      0x800 CMakeFiles/LEDPWMSTRIP.dir/C_/VSARM/sdk/pico/pico-sdk/src/rp2_common/pico_standard_link/crt0.S.obj
                0x2000169c                __HeapLimit = .

.stack1_dummy   0x20040000        0x0
 *(.stack1*)

.stack_dummy    0x20041000      0x800
 *(.stack*)
 .stack         0x20041000      0x800 CMakeFiles/LEDPWMSTRIP.dir/C_/VSARM/sdk/pico/pico-sdk/src/rp2_common/pico_standard_link/crt0.S.obj

.flash_end      0x100081cc        0x0
                0x100081cc                __flash_binary_end = .
                0x20040000                __StackLimit = (ORIGIN (RAM) + LENGTH (RAM))
                0x20041000                __StackOneTop = (ORIGIN (SCRATCH_X) + LENGTH (SCRATCH_X))
                0x20042000                __StackTop = (ORIGIN (SCRATCH_Y) + LENGTH (SCRATCH_Y))